00:01.864  blend            | Read blend: "/Users/cedric/Desktop/magic desk/blender/collection/I_nautilus_port_edge_r68.blend"
00:01:33 | INFO: Data are loaded, start creating Blender stuff
00:01:33 | INFO: Blender create Mesh node BASE_FIXED_JoinedMesh
00:01:33 | INFO: Blender create Mesh node BUTTON_00_CAP_Mesh.001
00:01:33 | INFO: Blender create Mesh node Button_Index
00:01:33 | INFO: Blender create Mesh node BUTTON_00_CAP_Mesh
00:01:33 | INFO: Blender create Mesh node Button_Index.001
00:01:33 | INFO: Blender create Mesh node BUTTON_00_CAP_Mesh.003
00:01:33 | INFO: Blender create Mesh node Button_Index.002
00:01:33 | INFO: Blender create Mesh node BUTTON_00_CAP_Mesh.004
00:01:33 | INFO: Blender create Mesh node Button_Index.003
00:01:33 | INFO: Blender create Mesh node BUTTON_00_CAP_Mesh.002
00:01:33 | INFO: Blender create Mesh node Button_Index.004
00:01:33 | INFO: Blender create Mesh node BUTTON_00_CAP_Mesh.005
00:01:33 | INFO: Blender create Mesh node Button_Index.005
00:01:33 | INFO: Blender create Mesh node BUTTON_06_CAP_Mesh
00:01:33 | INFO: Blender create Mesh node Button_6_Bezel_Mesh
00:01:33 | INFO: Blender create Mesh node Button_6_Index
00:01:33 | INFO: Blender create Mesh node Deck_Serial
00:01:33 | INFO: Blender create Mesh node P_Actuator_00_Barrel_JoinedMesh
00:01:33 | INFO: Blender create Mesh node P_Actuator_00_Rod_JoinedMesh
00:01:33 | INFO: Blender create Mesh node P_Actuator_01_Barrel_JoinedMesh
00:01:33 | INFO: Blender create Mesh node P_Actuator_01_Rod_JoinedMesh
00:01:33 | INFO: Blender create Mesh node P_Actuator_02_Barrel_JoinedMesh
00:01:34 | INFO: Blender create Mesh node P_Actuator_02_Rod_JoinedMesh
00:01:34 | INFO: Blender create Mesh node P_Actuator_03_Barrel_JoinedMesh
00:01:34 | INFO: Blender create Mesh node P_Actuator_03_Rod_JoinedMesh
00:01:34 | INFO: Blender create Mesh node P_Actuator_04_Barrel_JoinedMesh
00:01:34 | INFO: Blender create Mesh node P_Actuator_04_Rod_JoinedMesh
00:01:34 | INFO: Blender create Mesh node P_Actuator_05_Barrel_JoinedMesh
00:01:34 | INFO: Blender create Mesh node P_Actuator_05_Rod_JoinedMesh
00:01:34 | INFO: Blender create Mesh node Icosphere
00:01:34 | INFO: Blender create Mesh node P_Solar_Lattice_JoinedMesh
00:01:34 | INFO: Blender create Mesh node P_Gimbal_2_Ring_JoinedMesh
00:01:34 | INFO: Blender create Mesh node P_Gimbal_1_Ring_JoinedMesh
00:01:34 | INFO: Blender create Mesh node P_Inner_Trunnions_JoinedMesh
00:01:34 | INFO: Blender create Mesh node P_Core_Bottom_Bearing_JoinedMesh
00:01:34 | INFO: Blender create Mesh node P_Gimbal_0_Ring_JoinedMesh
00:01:34 | INFO: Blender create Mesh node P_Middle_Trunnions_JoinedMesh
00:01:34 | INFO: Blender create Mesh node P_Core_Support_Post_JoinedMesh
00:01:34 | INFO: Blender create Mesh node P_Lower_Stator_JoinedMesh
00:01:34 | INFO: Blender create Mesh node P_Petal_00_BaseJoint_JoinedMesh
00:01:34 | INFO: Blender create Mesh node P_Petal_01_BaseJoint_JoinedMesh
00:01:34 | INFO: Blender create Mesh node P_Petal_02_BaseJoint_JoinedMesh
00:01:34 | INFO: Blender create Mesh node P_Petal_03_BaseJoint_JoinedMesh
00:01:34 | INFO: Blender create Mesh node P_Petal_04_BaseJoint_JoinedMesh
00:01:34 | INFO: Blender create Mesh node P_Petal_05_BaseJoint_JoinedMesh
00:01:34 | INFO: Blender create Mesh node P_Socket_Crown_JoinedMesh
00:01:34 | INFO: Blender create Mesh node P_Thermal_Valve_0_JoinedMesh
00:01:34 | INFO: Blender create Mesh node P_Thermal_Valve_1_JoinedMesh_CompactFeedthrough
00:01:34 | INFO: Blender create Mesh node P_Thermal_Valve_2_JoinedMesh_CompactFeedthrough
00:01:34 | INFO: Blender create Mesh node P_Crown_Sector_00_JoinedMesh
00:01:34 | INFO: Blender create Mesh node P_Inspection_Filament_JoinedMesh
00:01:34 | INFO: Blender create Mesh node P_Inspection_Window_JoinedMesh
00:01:34 | INFO: Blender create Mesh node P_Petal_00_Enamel_JoinedMesh
00:01:34 | INFO: Blender create Mesh node P_Petal_00_HingeCap_JoinedMesh
00:01:34 | INFO: Blender create Mesh node P_Petal_00_Latch_JoinedMesh
00:01:34 | INFO: Blender create Mesh node Petal_00_InnerSkin_Mesh
00:01:34 | INFO: Blender create Mesh node P_Petal_00_RibFrame_JoinedMesh
00:01:34 | INFO: Blender create Mesh node P_Crown_Sector_01_JoinedMesh
00:01:34 | INFO: Blender create Mesh node P_Petal_01_Enamel_JoinedMesh
00:01:34 | INFO: Blender create Mesh node P_Petal_01_HingeCap_JoinedMesh
00:01:34 | INFO: Blender create Mesh node P_Petal_01_Latch_JoinedMesh
00:01:34 | INFO: Blender create Mesh node Petal_01_InnerSkin_Mesh
00:01:34 | INFO: Blender create Mesh node P_Petal_01_RibFrame_JoinedMesh
00:01:34 | INFO: Blender create Mesh node P_Crown_Sector_02_JoinedMesh
00:01:34 | INFO: Blender create Mesh node P_Petal_02_Enamel_JoinedMesh
00:01:34 | INFO: Blender create Mesh node P_Petal_02_HingeCap_JoinedMesh
00:01:34 | INFO: Blender create Mesh node P_Petal_02_Latch_JoinedMesh
00:01:34 | INFO: Blender create Mesh node Petal_02_InnerSkin_Mesh
00:01:34 | INFO: Blender create Mesh node P_Petal_02_RibFrame_JoinedMesh
00:01:35 | INFO: Blender create Mesh node P_Crown_Sector_03_JoinedMesh
00:01:35 | INFO: Blender create Mesh node P_Petal_03_Enamel_JoinedMesh
00:01:35 | INFO: Blender create Mesh node P_Petal_03_HingeCap_JoinedMesh
00:01:35 | INFO: Blender create Mesh node P_Petal_03_Latch_JoinedMesh
00:01:35 | INFO: Blender create Mesh node Petal_03_InnerSkin_Mesh
00:01:35 | INFO: Blender create Mesh node P_Petal_03_RibFrame_JoinedMesh
00:01:35 | INFO: Blender create Mesh node P_Crown_Sector_04_JoinedMesh
00:01:35 | INFO: Blender create Mesh node P_Petal_04_Enamel_JoinedMesh
00:01:35 | INFO: Blender create Mesh node P_Petal_04_HingeCap_JoinedMesh
00:01:35 | INFO: Blender create Mesh node P_Petal_04_Latch_JoinedMesh
00:01:35 | INFO: Blender create Mesh node Petal_04_InnerSkin_Mesh
00:01:35 | INFO: Blender create Mesh node P_Petal_04_RibFrame_JoinedMesh
00:01:35 | INFO: Blender create Mesh node P_Crown_Sector_05_JoinedMesh
00:01:35 | INFO: Blender create Mesh node P_Petal_05_Enamel_JoinedMesh
00:01:35 | INFO: Blender create Mesh node P_Petal_05_HingeCap_JoinedMesh
00:01:35 | INFO: Blender create Mesh node P_Petal_05_Latch_JoinedMesh
00:01:35 | INFO: Blender create Mesh node Petal_05_InnerSkin_Mesh
00:01:35 | INFO: Blender create Mesh node P_Petal_05_RibFrame_JoinedMesh
00:01:35 | INFO: Blender create Mesh node TURNTABLE_JoinedMesh
00:01:35 | INFO: glTF import finished in 2.02s
REAR03_PHASE 0 0.0 []
REAR03_PHASE 0 0.01 []
REAR03_PHASE 0 0.02 []
REAR03_PHASE 0 0.03 []
REAR03_PHASE 0 0.04 []
REAR03_PHASE 0 0.05 []
REAR03_PHASE 0 0.06 []
REAR03_PHASE 0 0.07 []
REAR03_PHASE 0 0.08 []
REAR03_PHASE 0 0.09 []
REAR03_PHASE 0 0.1 []
REAR03_PHASE 0 0.11 []
REAR03_PHASE 0 0.12 []
REAR03_PHASE 0 0.13 []
REAR03_PHASE 0 0.14 []
REAR03_PHASE 0 0.15 []
REAR03_PHASE 0 0.16 []
REAR03_PHASE 0 0.17 []
REAR03_PHASE 0 0.18 []
REAR03_PHASE 0 0.19 []
REAR03_PHASE 0 0.2 []
REAR03_PHASE 0 0.21 []
REAR03_PHASE 0 0.22 []
REAR03_PHASE 0 0.23 []
REAR03_PHASE 0 0.24 []
REAR03_PHASE 0 0.25 []
REAR03_PHASE 0 0.26 []
REAR03_PHASE 0 0.27 []
REAR03_PHASE 0 0.28 []
REAR03_PHASE 0 0.29 []
REAR03_PHASE 0 0.3 []
REAR03_PHASE 0 0.31 []
REAR03_PHASE 0 0.32 []
REAR03_PHASE 0 0.33 []
REAR03_PHASE 0 0.34 []
REAR03_PHASE 0 0.35 []
REAR03_PHASE 0 0.36 []
REAR03_PHASE 0 0.37 []
REAR03_PHASE 0 0.38 []
REAR03_PHASE 0 0.39 []
REAR03_PHASE 0 0.4 []
REAR03_PHASE 0 0.41 []
REAR03_PHASE 0 0.42 []
REAR03_PHASE 0 0.43 []
REAR03_PHASE 0 0.44 []
REAR03_PHASE 0 0.45 []
REAR03_PHASE 0 0.46 []
REAR03_PHASE 0 0.47 []
REAR03_PHASE 0 0.48 []
REAR03_PHASE 0 0.49 []
REAR03_PHASE 0 0.5 []
REAR03_PHASE 0 0.51 []
REAR03_PHASE 0 0.52 []
REAR03_PHASE 0 0.53 []
REAR03_PHASE 0 0.54 []
REAR03_PHASE 0 0.55 []
REAR03_PHASE 0 0.56 []
REAR03_PHASE 0 0.57 []
REAR03_PHASE 0 0.58 []
REAR03_PHASE 0 0.59 []
REAR03_PHASE 0 0.6 []
REAR03_PHASE 0 0.61 []
REAR03_PHASE 0 0.62 []
REAR03_PHASE 0 0.63 []
REAR03_PHASE 0 0.64 []
REAR03_PHASE 0 0.65 []
REAR03_PHASE 0 0.66 []
REAR03_PHASE 0 0.67 []
REAR03_PHASE 0 0.68 []
REAR03_PHASE 0 0.69 []
REAR03_PHASE 0 0.7 []
REAR03_PHASE 0 0.71 []
REAR03_PHASE 0 0.72 []
REAR03_PHASE 0 0.73 []
REAR03_PHASE 0 0.74 []
REAR03_PHASE 0 0.75 []
REAR03_PHASE 0 0.76 []
REAR03_PHASE 0 0.77 []
REAR03_PHASE 0 0.78 []
REAR03_PHASE 0 0.79 []
REAR03_PHASE 0 0.8 []
REAR03_PHASE 0 0.81 []
REAR03_PHASE 0 0.82 []
REAR03_PHASE 0 0.83 []
REAR03_PHASE 0 0.84 []
REAR03_PHASE 0 0.85 []
REAR03_PHASE 0 0.86 []
REAR03_PHASE 0 0.87 []
REAR03_PHASE 0 0.88 []
REAR03_PHASE 0 0.89 []
REAR03_PHASE 0 0.9 []
REAR03_PHASE 0 0.91 []
REAR03_PHASE 0 0.92 []
REAR03_PHASE 0 0.93 []
REAR03_PHASE 0 0.94 []
REAR03_PHASE 0 0.95 []
REAR03_PHASE 0 0.96 []
REAR03_PHASE 0 0.97 []
REAR03_PHASE 0 0.98 []
REAR03_PHASE 0 0.99 []
REAR03_PHASE 0 1.0 []
REAR03_PHASE 1 0.0 []
REAR03_PHASE 1 0.01 []
REAR03_PHASE 1 0.02 []
REAR03_PHASE 1 0.03 []
REAR03_PHASE 1 0.04 []
REAR03_PHASE 1 0.05 []
REAR03_PHASE 1 0.06 []
REAR03_PHASE 1 0.07 []
REAR03_PHASE 1 0.08 []
REAR03_PHASE 1 0.09 []
REAR03_PHASE 1 0.1 []
REAR03_PHASE 1 0.11 []
REAR03_PHASE 1 0.12 []
REAR03_PHASE 1 0.13 []
REAR03_PHASE 1 0.14 []
REAR03_PHASE 1 0.15 []
REAR03_PHASE 1 0.16 []
REAR03_PHASE 1 0.17 []
REAR03_PHASE 1 0.18 []
REAR03_PHASE 1 0.19 []
REAR03_PHASE 1 0.2 []
REAR03_PHASE 1 0.21 []
REAR03_PHASE 1 0.22 []
REAR03_PHASE 1 0.23 []
REAR03_PHASE 1 0.24 []
REAR03_PHASE 1 0.25 []
REAR03_PHASE 1 0.26 []
REAR03_PHASE 1 0.27 []
REAR03_PHASE 1 0.28 []
REAR03_PHASE 1 0.29 []
REAR03_PHASE 1 0.3 []
REAR03_PHASE 1 0.31 []
REAR03_PHASE 1 0.32 []
REAR03_PHASE 1 0.33 []
REAR03_PHASE 1 0.34 []
REAR03_PHASE 1 0.35 []
REAR03_PHASE 1 0.36 []
REAR03_PHASE 1 0.37 []
REAR03_PHASE 1 0.38 []
REAR03_PHASE 1 0.39 []
REAR03_PHASE 1 0.4 []
REAR03_PHASE 1 0.41 []
REAR03_PHASE 1 0.42 []
REAR03_PHASE 1 0.43 []
REAR03_PHASE 1 0.44 []
REAR03_PHASE 1 0.45 []
REAR03_PHASE 1 0.46 []
REAR03_PHASE 1 0.47 []
REAR03_PHASE 1 0.48 []
REAR03_PHASE 1 0.49 []
REAR03_PHASE 1 0.5 []
REAR03_PHASE 1 0.51 []
REAR03_PHASE 1 0.52 []
REAR03_PHASE 1 0.53 []
REAR03_PHASE 1 0.54 []
REAR03_PHASE 1 0.55 []
REAR03_PHASE 1 0.56 []
REAR03_PHASE 1 0.57 []
REAR03_PHASE 1 0.58 []
REAR03_PHASE 1 0.59 []
REAR03_PHASE 1 0.6 []
REAR03_PHASE 1 0.61 []
REAR03_PHASE 1 0.62 []
REAR03_PHASE 1 0.63 []
REAR03_PHASE 1 0.64 []
REAR03_PHASE 1 0.65 []
REAR03_PHASE 1 0.66 []
REAR03_PHASE 1 0.67 []
REAR03_PHASE 1 0.68 []
REAR03_PHASE 1 0.69 []
REAR03_PHASE 1 0.7 []
REAR03_PHASE 1 0.71 []
REAR03_PHASE 1 0.72 []
REAR03_PHASE 1 0.73 []
REAR03_PHASE 1 0.74 []
REAR03_PHASE 1 0.75 []
REAR03_PHASE 1 0.76 []
REAR03_PHASE 1 0.77 []
REAR03_PHASE 1 0.78 []
REAR03_PHASE 1 0.79 []
REAR03_PHASE 1 0.8 []
REAR03_PHASE 1 0.81 []
REAR03_PHASE 1 0.82 []
REAR03_PHASE 1 0.83 []
REAR03_PHASE 1 0.84 []
REAR03_PHASE 1 0.85 []
REAR03_PHASE 1 0.86 []
REAR03_PHASE 1 0.87 []
REAR03_PHASE 1 0.88 []
REAR03_PHASE 1 0.89 []
REAR03_PHASE 1 0.9 []
REAR03_PHASE 1 0.91 []
REAR03_PHASE 1 0.92 []
REAR03_PHASE 1 0.93 []
REAR03_PHASE 1 0.94 []
REAR03_PHASE 1 0.95 []
REAR03_PHASE 1 0.96 []
REAR03_PHASE 1 0.97 []
REAR03_PHASE 1 0.98 []
REAR03_PHASE 1 0.99 []
REAR03_PHASE 1 1.0 []
REAR03_PHASE 2 0.0 []
REAR03_PHASE 2 0.01 []
REAR03_PHASE 2 0.02 []
REAR03_PHASE 2 0.03 []
REAR03_PHASE 2 0.04 []
REAR03_PHASE 2 0.05 []
REAR03_PHASE 2 0.06 []
REAR03_PHASE 2 0.07 []
REAR03_PHASE 2 0.08 []
REAR03_PHASE 2 0.09 []
REAR03_PHASE 2 0.1 []
REAR03_PHASE 2 0.11 []
REAR03_PHASE 2 0.12 []
REAR03_PHASE 2 0.13 []
REAR03_PHASE 2 0.14 []
REAR03_PHASE 2 0.15 []
REAR03_PHASE 2 0.16 []
REAR03_PHASE 2 0.17 []
REAR03_PHASE 2 0.18 []
REAR03_PHASE 2 0.19 []
REAR03_PHASE 2 0.2 []
REAR03_PHASE 2 0.21 []
REAR03_PHASE 2 0.22 []
REAR03_PHASE 2 0.23 []
REAR03_PHASE 2 0.24 []
REAR03_PHASE 2 0.25 []
REAR03_PHASE 2 0.26 []
REAR03_PHASE 2 0.27 []
REAR03_PHASE 2 0.28 []
REAR03_PHASE 2 0.29 []
REAR03_PHASE 2 0.3 []
REAR03_PHASE 2 0.31 []
REAR03_PHASE 2 0.32 []
REAR03_PHASE 2 0.33 []
REAR03_PHASE 2 0.34 []
REAR03_PHASE 2 0.35 []
REAR03_PHASE 2 0.36 []
REAR03_PHASE 2 0.37 []
REAR03_PHASE 2 0.38 []
REAR03_PHASE 2 0.39 []
REAR03_PHASE 2 0.4 []
REAR03_PHASE 2 0.41 []
REAR03_PHASE 2 0.42 []
REAR03_PHASE 2 0.43 []
REAR03_PHASE 2 0.44 []
REAR03_PHASE 2 0.45 []
REAR03_PHASE 2 0.46 []
REAR03_PHASE 2 0.47 []
REAR03_PHASE 2 0.48 []
REAR03_PHASE 2 0.49 []
REAR03_PHASE 2 0.5 []
REAR03_PHASE 2 0.51 []
REAR03_PHASE 2 0.52 []
REAR03_PHASE 2 0.53 []
REAR03_PHASE 2 0.54 []
REAR03_PHASE 2 0.55 []
REAR03_PHASE 2 0.56 []
REAR03_PHASE 2 0.57 []
REAR03_PHASE 2 0.58 []
REAR03_PHASE 2 0.59 []
REAR03_PHASE 2 0.6 []
REAR03_PHASE 2 0.61 []
REAR03_PHASE 2 0.62 []
REAR03_PHASE 2 0.63 []
REAR03_PHASE 2 0.64 []
REAR03_PHASE 2 0.65 []
REAR03_PHASE 2 0.66 []
REAR03_PHASE 2 0.67 []
REAR03_PHASE 2 0.68 []
REAR03_PHASE 2 0.69 []
REAR03_PHASE 2 0.7 []
REAR03_PHASE 2 0.71 []
REAR03_PHASE 2 0.72 []
REAR03_PHASE 2 0.73 []
REAR03_PHASE 2 0.74 []
REAR03_PHASE 2 0.75 []
REAR03_PHASE 2 0.76 []
REAR03_PHASE 2 0.77 []
REAR03_PHASE 2 0.78 []
REAR03_PHASE 2 0.79 []
REAR03_PHASE 2 0.8 []
REAR03_PHASE 2 0.81 []
REAR03_PHASE 2 0.82 []
REAR03_PHASE 2 0.83 []
REAR03_PHASE 2 0.84 []
REAR03_PHASE 2 0.85 []
REAR03_PHASE 2 0.86 []
REAR03_PHASE 2 0.87 []
REAR03_PHASE 2 0.88 []
REAR03_PHASE 2 0.89 []
REAR03_PHASE 2 0.9 []
REAR03_PHASE 2 0.91 []
REAR03_PHASE 2 0.92 []
REAR03_PHASE 2 0.93 []
REAR03_PHASE 2 0.94 []
REAR03_PHASE 2 0.95 []
REAR03_PHASE 2 0.96 []
REAR03_PHASE 2 0.97 []
REAR03_PHASE 2 0.98 []
REAR03_PHASE 2 0.99 []
REAR03_PHASE 2 1.0 []
REAR03_PHASE 3 0.0 []
REAR03_PHASE 3 0.01 []
REAR03_PHASE 3 0.02 []
REAR03_PHASE 3 0.03 []
REAR03_PHASE 3 0.04 []
REAR03_PHASE 3 0.05 []
REAR03_PHASE 3 0.06 []
REAR03_PHASE 3 0.07 []
REAR03_PHASE 3 0.08 []
REAR03_PHASE 3 0.09 []
REAR03_PHASE 3 0.1 []
REAR03_PHASE 3 0.11 []
REAR03_PHASE 3 0.12 []
REAR03_PHASE 3 0.13 []
REAR03_PHASE 3 0.14 []
REAR03_PHASE 3 0.15 []
REAR03_PHASE 3 0.16 []
REAR03_PHASE 3 0.17 []
REAR03_PHASE 3 0.18 []
REAR03_PHASE 3 0.19 []
REAR03_PHASE 3 0.2 []
REAR03_PHASE 3 0.21 []
REAR03_PHASE 3 0.22 []
REAR03_PHASE 3 0.23 []
REAR03_PHASE 3 0.24 []
REAR03_PHASE 3 0.25 []
REAR03_PHASE 3 0.26 []
REAR03_PHASE 3 0.27 []
REAR03_PHASE 3 0.28 []
REAR03_PHASE 3 0.29 []
REAR03_PHASE 3 0.3 []
REAR03_PHASE 3 0.31 []
REAR03_PHASE 3 0.32 []
REAR03_PHASE 3 0.33 []
REAR03_PHASE 3 0.34 []
REAR03_PHASE 3 0.35 []
REAR03_PHASE 3 0.36 []
REAR03_PHASE 3 0.37 []
REAR03_PHASE 3 0.38 []
REAR03_PHASE 3 0.39 []
REAR03_PHASE 3 0.4 []
REAR03_PHASE 3 0.41 []
REAR03_PHASE 3 0.42 []
REAR03_PHASE 3 0.43 []
REAR03_PHASE 3 0.44 []
REAR03_PHASE 3 0.45 []
REAR03_PHASE 3 0.46 []
REAR03_PHASE 3 0.47 []
REAR03_PHASE 3 0.48 []
REAR03_PHASE 3 0.49 []
REAR03_PHASE 3 0.5 []
REAR03_PHASE 3 0.51 []
REAR03_PHASE 3 0.52 []
REAR03_PHASE 3 0.53 []
REAR03_PHASE 3 0.54 []
REAR03_PHASE 3 0.55 []
REAR03_PHASE 3 0.56 []
REAR03_PHASE 3 0.57 []
REAR03_PHASE 3 0.58 []
REAR03_PHASE 3 0.59 []
REAR03_PHASE 3 0.6 []
REAR03_PHASE 3 0.61 []
REAR03_PHASE 3 0.62 []
REAR03_PHASE 3 0.63 []
REAR03_PHASE 3 0.64 []
REAR03_PHASE 3 0.65 []
REAR03_PHASE 3 0.66 []
REAR03_PHASE 3 0.67 []
REAR03_PHASE 3 0.68 []
REAR03_PHASE 3 0.69 []
REAR03_PHASE 3 0.7 []
REAR03_PHASE 3 0.71 []
REAR03_PHASE 3 0.72 []
REAR03_PHASE 3 0.73 []
REAR03_PHASE 3 0.74 []
REAR03_PHASE 3 0.75 []
REAR03_PHASE 3 0.76 []
REAR03_PHASE 3 0.77 []
REAR03_PHASE 3 0.78 []
REAR03_PHASE 3 0.79 []
REAR03_PHASE 3 0.8 []
REAR03_PHASE 3 0.81 []
REAR03_PHASE 3 0.82 []
REAR03_PHASE 3 0.83 []
REAR03_PHASE 3 0.84 []
REAR03_PHASE 3 0.85 []
REAR03_PHASE 3 0.86 []
REAR03_PHASE 3 0.87 []
REAR03_PHASE 3 0.88 []
REAR03_PHASE 3 0.89 []
REAR03_PHASE 3 0.9 []
REAR03_PHASE 3 0.91 []
REAR03_PHASE 3 0.92 []
REAR03_PHASE 3 0.93 []
REAR03_PHASE 3 0.94 []
REAR03_PHASE 3 0.95 []
REAR03_PHASE 3 0.96 []
REAR03_PHASE 3 0.97 []
REAR03_PHASE 3 0.98 []
REAR03_PHASE 3 0.99 []
REAR03_PHASE 3 1.0 []
Blender 5.1.2 (hash ec6e62d40fa9 built 2026-05-19 01:30:33)

Blender quit
