00:02.679  blend            | Read blend: "/Users/cedric/Desktop/magic desk/blender/collection/I_nautilus_port_envelope_r67c.blend"
R68_CHECK {"rounded_rings": [11, 12], "original_selected_edges": 384, "requested_bevel_offset": 0.00012, "bevel_segments": 5, "scope": "Physical bevel only on first liner outer skirt boundaries. Source manifold/self and local clearance checked below; not full sequence or art acceptance.", "parent_source_sha256": "1ae4af0081c6a06ec42eef2e9723cf54465f7bae3f240649cd110bea2584ff73", "volume": 0.00011287333328468975, "self_contacts": 0, "self_pairs": [], "clearance_contacts": []}
信息: 已另存为 "I_nautilus_port_edge_r68.blend"
INFO Draco mesh compression is available, use library at /Applications/Blender.app/Contents/Resources/5.1/scripts/addons_core/io_scene_gltf2/libextern_draco.dylib
23:43:07 | INFO: Starting glTF 2.0 export
23:43:07 | INFO: Extracting primitive: 柱体.091
23:43:07 | INFO: Primitives created: 1
23:43:07 | INFO: Extracting primitive: IF12_C05_L_Front_Bolt0_InnerWasherMesh
23:43:07 | INFO: Primitives created: 1
23:43:07 | INFO: Extracting primitive: 柱体.086
23:43:07 | INFO: Primitives created: 1
23:43:07 | INFO: Extracting primitive: IF12_C05_L_Front_Bolt0_WasherMesh
23:43:07 | INFO: Primitives created: 1
23:43:07 | INFO: Extracting primitive: 柱体.215
23:43:07 | INFO: Primitives created: 1
23:43:07 | INFO: Extracting primitive: IF12_C05_L_Front_Bolt1_InnerWasherMesh
23:43:07 | INFO: Primitives created: 1
23:43:07 | INFO: Extracting primitive: 柱体.206
23:43:07 | INFO: Primitives created: 1
23:43:07 | INFO: Extracting primitive: IF12_C05_L_Front_Bolt1_WasherMesh
23:43:07 | INFO: Primitives created: 1
23:43:07 | INFO: Extracting primitive: IF12_C05_L_Front_InnerBackingMesh
23:43:07 | INFO: Primitives created: 2
23:43:07 | INFO: Extracting primitive: IF12_C05_L_Front_OuterStandMesh
23:43:07 | INFO: Primitives created: 2
23:43:07 | INFO: Extracting primitive: IF12_C05_L_Front_UpperClampMesh
23:43:07 | INFO: Primitives created: 2
23:43:07 | INFO: Extracting primitive: IF12_C05_L_Front_VisibleCapMesh
23:43:07 | INFO: Primitives created: 2
23:43:07 | INFO: Extracting primitive: 柱体.247
23:43:07 | INFO: Primitives created: 1
23:43:07 | INFO: Extracting primitive: IF12_C05_L_Rear_Bolt0_InnerWasherMesh
23:43:07 | INFO: Primitives created: 1
23:43:07 | INFO: Extracting primitive: 柱体.243
23:43:07 | INFO: Primitives created: 1
23:43:07 | INFO: Extracting primitive: IF12_C05_L_Rear_Bolt0_WasherMesh
23:43:07 | INFO: Primitives created: 1
23:43:07 | INFO: Extracting primitive: 柱体.266
23:43:07 | INFO: Primitives created: 1
23:43:07 | INFO: Extracting primitive: IF12_C05_L_Rear_Bolt1_InnerWasherMesh
23:43:07 | INFO: Primitives created: 1
23:43:07 | INFO: Extracting primitive: 柱体.264
23:43:07 | INFO: Primitives created: 1
23:43:07 | INFO: Extracting primitive: IF12_C05_L_Rear_Bolt1_WasherMesh
23:43:07 | INFO: Primitives created: 1
23:43:07 | INFO: Extracting primitive: IF12_C05_L_Rear_InnerBackingMesh
23:43:07 | INFO: Primitives created: 2
23:43:07 | INFO: Extracting primitive: IF12_C05_L_Rear_OuterStandMesh
23:43:07 | INFO: Primitives created: 2
23:43:07 | INFO: Extracting primitive: IF12_C05_L_Rear_UpperClampMesh
23:43:07 | INFO: Primitives created: 2
23:43:07 | INFO: Extracting primitive: IF12_C05_L_Rear_VisibleCapMesh
23:43:07 | INFO: Primitives created: 2
23:43:07 | INFO: Extracting primitive: 柱体.281
23:43:07 | INFO: Primitives created: 1
23:43:07 | INFO: Extracting primitive: IF12_C05_R_Front_Bolt0_InnerWasherMesh
23:43:07 | INFO: Primitives created: 1
23:43:07 | INFO: Extracting primitive: 柱体.278
23:43:07 | INFO: Primitives created: 1
23:43:07 | INFO: Extracting primitive: IF12_C05_R_Front_Bolt0_WasherMesh
23:43:07 | INFO: Primitives created: 1
23:43:07 | INFO: Extracting primitive: 柱体.295
23:43:07 | INFO: Primitives created: 1
23:43:07 | INFO: Extracting primitive: IF12_C05_R_Front_Bolt1_InnerWasherMesh
23:43:07 | INFO: Primitives created: 1
23:43:07 | INFO: Extracting primitive: 柱体.293
23:43:07 | INFO: Primitives created: 1
23:43:07 | INFO: Extracting primitive: IF12_C05_R_Front_Bolt1_WasherMesh
23:43:07 | INFO: Primitives created: 1
23:43:07 | INFO: Extracting primitive: IF12_C05_R_Front_InnerBackingMesh
23:43:07 | INFO: Primitives created: 2
23:43:07 | INFO: Extracting primitive: IF12_C05_R_Front_OuterStandMesh
23:43:07 | INFO: Primitives created: 2
23:43:07 | INFO: Extracting primitive: IF12_C05_R_Front_UpperClampMesh
23:43:07 | INFO: Primitives created: 2
23:43:07 | INFO: Extracting primitive: IF12_C05_R_Front_VisibleCapMesh
23:43:07 | INFO: Primitives created: 2
23:43:07 | INFO: Extracting primitive: 柱体.310
23:43:07 | INFO: Primitives created: 1
23:43:07 | INFO: Extracting primitive: IF12_C05_R_Rear_Bolt0_InnerWasherMesh
23:43:07 | INFO: Primitives created: 1
23:43:07 | INFO: Extracting primitive: 柱体.308
23:43:07 | INFO: Primitives created: 1
23:43:07 | INFO: Extracting primitive: IF12_C05_R_Rear_Bolt0_WasherMesh
23:43:07 | INFO: Primitives created: 1
23:43:07 | INFO: Extracting primitive: 柱体.324
23:43:07 | INFO: Primitives created: 1
23:43:07 | INFO: Extracting primitive: IF12_C05_R_Rear_Bolt1_InnerWasherMesh
23:43:07 | INFO: Primitives created: 1
23:43:07 | INFO: Extracting primitive: 柱体.322
23:43:07 | INFO: Primitives created: 1
23:43:07 | INFO: Extracting primitive: IF12_C05_R_Rear_Bolt1_WasherMesh
23:43:07 | INFO: Primitives created: 1
23:43:07 | INFO: Extracting primitive: IF12_C05_R_Rear_InnerBackingMesh
23:43:07 | INFO: Primitives created: 2
23:43:07 | INFO: Extracting primitive: IF12_C05_R_Rear_OuterStandMesh
23:43:07 | INFO: Primitives created: 2
23:43:07 | INFO: Extracting primitive: IF12_C05_R_Rear_UpperClampMesh
23:43:07 | INFO: Primitives created: 2
23:43:07 | INFO: Extracting primitive: IF12_C05_R_Rear_VisibleCapMesh
23:43:07 | INFO: Primitives created: 2
23:43:07 | INFO: Extracting primitive: 柱体.104
23:43:07 | INFO: Primitives created: 1
23:43:07 | INFO: Extracting primitive: IF12_C06_L_Front_Bolt0_InnerWasherMesh
23:43:07 | INFO: Primitives created: 1
23:43:07 | INFO: Extracting primitive: 柱体.089
23:43:07 | INFO: Primitives created: 1
23:43:07 | INFO: Extracting primitive: IF12_C06_L_Front_Bolt0_WasherMesh
23:43:07 | INFO: Primitives created: 1
23:43:07 | INFO: Extracting primitive: 柱体.226
23:43:07 | INFO: Primitives created: 1
23:43:07 | INFO: Extracting primitive: IF12_C06_L_Front_Bolt1_InnerWasherMesh
23:43:07 | INFO: Primitives created: 1
23:43:07 | INFO: Extracting primitive: 柱体.219
23:43:07 | INFO: Primitives created: 1
23:43:07 | INFO: Extracting primitive: IF12_C06_L_Front_Bolt1_WasherMesh
23:43:07 | INFO: Primitives created: 1
23:43:07 | INFO: Extracting primitive: IF12_C06_L_Front_InnerBackingMesh
23:43:07 | INFO: Primitives created: 2
23:43:07 | INFO: Extracting primitive: IF12_C06_L_Front_OuterStandMesh
23:43:07 | INFO: Primitives created: 2
23:43:07 | INFO: Extracting primitive: IF12_C06_L_Front_UpperClampMesh
23:43:07 | INFO: Primitives created: 2
23:43:07 | INFO: Extracting primitive: IF12_C06_L_Front_VisibleCapMesh
23:43:07 | INFO: Primitives created: 2
23:43:07 | INFO: Extracting primitive: 柱体.257
23:43:07 | INFO: Primitives created: 1
23:43:07 | INFO: Extracting primitive: IF12_C06_L_Rear_Bolt0_InnerWasherMesh
23:43:07 | INFO: Primitives created: 1
23:43:07 | INFO: Extracting primitive: 柱体.253
23:43:07 | INFO: Primitives created: 1
23:43:07 | INFO: Extracting primitive: IF12_C06_L_Rear_Bolt0_WasherMesh
23:43:07 | INFO: Primitives created: 1
23:43:07 | INFO: Extracting primitive: 柱体.275
23:43:07 | INFO: Primitives created: 1
23:43:07 | INFO: Extracting primitive: IF12_C06_L_Rear_Bolt1_InnerWasherMesh
23:43:07 | INFO: Primitives created: 1
23:43:07 | INFO: Extracting primitive: 柱体.273
23:43:07 | INFO: Primitives created: 1
23:43:07 | INFO: Extracting primitive: IF12_C06_L_Rear_Bolt1_WasherMesh
23:43:07 | INFO: Primitives created: 1
23:43:07 | INFO: Extracting primitive: IF12_C06_L_Rear_InnerBackingMesh
23:43:07 | INFO: Primitives created: 2
23:43:07 | INFO: Extracting primitive: IF12_C06_L_Rear_OuterStandMesh
23:43:07 | INFO: Primitives created: 2
23:43:07 | INFO: Extracting primitive: IF12_C06_L_Rear_UpperClampMesh
23:43:07 | INFO: Primitives created: 2
23:43:07 | INFO: Extracting primitive: IF12_C06_L_Rear_VisibleCapMesh
23:43:07 | INFO: Primitives created: 2
23:43:07 | INFO: Extracting primitive: 柱体.292
23:43:07 | INFO: Primitives created: 1
23:43:07 | INFO: Extracting primitive: IF12_C06_R_Front_Bolt0_InnerWasherMesh
23:43:07 | INFO: Primitives created: 1
23:43:07 | INFO: Extracting primitive: 柱体.290
23:43:07 | INFO: Primitives created: 1
23:43:07 | INFO: Extracting primitive: IF12_C06_R_Front_Bolt0_WasherMesh
23:43:07 | INFO: Primitives created: 1
23:43:07 | INFO: Extracting primitive: 柱体.311
23:43:07 | INFO: Primitives created: 1
23:43:07 | INFO: Extracting primitive: IF12_C06_R_Front_Bolt1_InnerWasherMesh
23:43:07 | INFO: Primitives created: 1
23:43:07 | INFO: Extracting primitive: 柱体.306
23:43:07 | INFO: Primitives created: 1
23:43:07 | INFO: Extracting primitive: IF12_C06_R_Front_Bolt1_WasherMesh
23:43:07 | INFO: Primitives created: 1
23:43:07 | INFO: Extracting primitive: IF12_C06_R_Front_InnerBackingMesh
23:43:07 | INFO: Primitives created: 2
23:43:07 | INFO: Extracting primitive: IF12_C06_R_Front_OuterStandMesh
23:43:07 | INFO: Primitives created: 2
23:43:07 | INFO: Extracting primitive: IF12_C06_R_Front_UpperClampMesh
23:43:07 | INFO: Primitives created: 2
23:43:07 | INFO: Extracting primitive: IF12_C06_R_Front_VisibleCapMesh
23:43:07 | INFO: Primitives created: 2
23:43:07 | INFO: Extracting primitive: 柱体.328
23:43:07 | INFO: Primitives created: 1
23:43:07 | INFO: Extracting primitive: IF12_C06_R_Rear_Bolt0_InnerWasherMesh
23:43:07 | INFO: Primitives created: 1
23:43:07 | INFO: Extracting primitive: 柱体.326
23:43:07 | INFO: Primitives created: 1
23:43:07 | INFO: Extracting primitive: IF12_C06_R_Rear_Bolt0_WasherMesh
23:43:07 | INFO: Primitives created: 1
23:43:07 | INFO: Extracting primitive: 柱体.342
23:43:07 | INFO: Primitives created: 1
23:43:07 | INFO: Extracting primitive: IF12_C06_R_Rear_Bolt1_InnerWasherMesh
23:43:07 | INFO: Primitives created: 1
23:43:07 | INFO: Extracting primitive: 柱体.340
23:43:07 | INFO: Primitives created: 1
23:43:07 | INFO: Extracting primitive: IF12_C06_R_Rear_Bolt1_WasherMesh
23:43:07 | INFO: Primitives created: 1
23:43:07 | INFO: Extracting primitive: IF12_C06_R_Rear_InnerBackingMesh
23:43:07 | INFO: Primitives created: 2
23:43:07 | INFO: Extracting primitive: IF12_C06_R_Rear_OuterStandMesh
23:43:07 | INFO: Primitives created: 2
23:43:07 | INFO: Extracting primitive: IF12_C06_R_Rear_UpperClampMesh
23:43:08 | INFO: Primitives created: 2
23:43:08 | INFO: Extracting primitive: IF12_C06_R_Rear_VisibleCapMesh
23:43:08 | INFO: Primitives created: 2
23:43:08 | INFO: Extracting primitive: 柱体.357
23:43:08 | INFO: Primitives created: 1
23:43:08 | INFO: Extracting primitive: IF12_C07_L_Front_Bolt0_InnerWasherMesh
23:43:08 | INFO: Primitives created: 1
23:43:08 | INFO: Extracting primitive: 柱体.355
23:43:08 | INFO: Primitives created: 1
23:43:08 | INFO: Extracting primitive: IF12_C07_L_Front_Bolt0_WasherMesh
23:43:08 | INFO: Primitives created: 1
23:43:08 | INFO: Extracting primitive: 柱体.372
23:43:08 | INFO: Primitives created: 1
23:43:08 | INFO: Extracting primitive: IF12_C07_L_Front_Bolt1_InnerWasherMesh
23:43:08 | INFO: Primitives created: 1
23:43:08 | INFO: Extracting primitive: 柱体.369
23:43:08 | INFO: Primitives created: 1
23:43:08 | INFO: Extracting primitive: IF12_C07_L_Front_Bolt1_WasherMesh
23:43:08 | INFO: Primitives created: 1
23:43:08 | INFO: Extracting primitive: IF12_C07_L_Front_InnerBackingMesh
23:43:08 | INFO: Primitives created: 2
23:43:08 | INFO: Extracting primitive: IF12_C07_L_Front_OuterStandMesh
23:43:08 | INFO: Primitives created: 2
23:43:08 | INFO: Extracting primitive: IF12_C07_L_Front_UpperClampMesh
23:43:08 | INFO: Primitives created: 2
23:43:08 | INFO: Extracting primitive: IF12_C07_L_Front_VisibleCapMesh
23:43:08 | INFO: Primitives created: 2
23:43:08 | INFO: Extracting primitive: 柱体.386
23:43:08 | INFO: Primitives created: 1
23:43:08 | INFO: Extracting primitive: IF12_C07_L_Rear_Bolt0_InnerWasherMesh
23:43:08 | INFO: Primitives created: 1
23:43:08 | INFO: Extracting primitive: 柱体.384
23:43:08 | INFO: Primitives created: 1
23:43:08 | INFO: Extracting primitive: IF12_C07_L_Rear_Bolt0_WasherMesh
23:43:08 | INFO: Primitives created: 1
23:43:08 | INFO: Extracting primitive: 柱体.401
23:43:08 | INFO: Primitives created: 1
23:43:08 | INFO: Extracting primitive: IF12_C07_L_Rear_Bolt1_InnerWasherMesh
23:43:08 | INFO: Primitives created: 1
23:43:08 | INFO: Extracting primitive: 柱体.399
23:43:08 | INFO: Primitives created: 1
23:43:08 | INFO: Extracting primitive: IF12_C07_L_Rear_Bolt1_WasherMesh
23:43:08 | INFO: Primitives created: 1
23:43:08 | INFO: Extracting primitive: IF12_C07_L_Rear_InnerBackingMesh
23:43:08 | INFO: Primitives created: 2
23:43:08 | INFO: Extracting primitive: IF12_C07_L_Rear_OuterStandMesh
23:43:08 | INFO: Primitives created: 2
23:43:08 | INFO: Extracting primitive: IF12_C07_L_Rear_UpperClampMesh
23:43:08 | INFO: Primitives created: 2
23:43:08 | INFO: Extracting primitive: IF12_C07_L_Rear_VisibleCapMesh
23:43:08 | INFO: Primitives created: 2
23:43:08 | INFO: Extracting primitive: 柱体.416
23:43:08 | INFO: Primitives created: 1
23:43:08 | INFO: Extracting primitive: IF12_C07_R_Front_Bolt0_InnerWasherMesh
23:43:08 | INFO: Primitives created: 1
23:43:08 | INFO: Extracting primitive: 柱体.413
23:43:08 | INFO: Primitives created: 1
23:43:08 | INFO: Extracting primitive: IF12_C07_R_Front_Bolt0_WasherMesh
23:43:08 | INFO: Primitives created: 1
23:43:08 | INFO: Extracting primitive: 柱体.430
23:43:08 | INFO: Primitives created: 1
23:43:08 | INFO: Extracting primitive: IF12_C07_R_Front_Bolt1_InnerWasherMesh
23:43:08 | INFO: Primitives created: 1
23:43:08 | INFO: Extracting primitive: 柱体.428
23:43:08 | INFO: Primitives created: 1
23:43:08 | INFO: Extracting primitive: IF12_C07_R_Front_Bolt1_WasherMesh
23:43:08 | INFO: Primitives created: 1
23:43:08 | INFO: Extracting primitive: IF12_C07_R_Front_InnerBackingMesh
23:43:08 | INFO: Primitives created: 2
23:43:08 | INFO: Extracting primitive: IF12_C07_R_Front_OuterStandMesh
23:43:08 | INFO: Primitives created: 2
23:43:08 | INFO: Extracting primitive: IF12_C07_R_Front_UpperClampMesh
23:43:08 | INFO: Primitives created: 2
23:43:08 | INFO: Extracting primitive: IF12_C07_R_Front_VisibleCapMesh
23:43:08 | INFO: Primitives created: 2
23:43:08 | INFO: Extracting primitive: 柱体.445
23:43:08 | INFO: Primitives created: 1
23:43:08 | INFO: Extracting primitive: IF12_C07_R_Rear_Bolt0_InnerWasherMesh
23:43:08 | INFO: Primitives created: 1
23:43:08 | INFO: Extracting primitive: 柱体.443
23:43:08 | INFO: Primitives created: 1
23:43:08 | INFO: Extracting primitive: IF12_C07_R_Rear_Bolt0_WasherMesh
23:43:08 | INFO: Primitives created: 1
23:43:08 | INFO: Extracting primitive: 柱体.459
23:43:08 | INFO: Primitives created: 1
23:43:08 | INFO: Extracting primitive: IF12_C07_R_Rear_Bolt1_InnerWasherMesh
23:43:08 | INFO: Primitives created: 1
23:43:08 | INFO: Extracting primitive: 柱体.457
23:43:08 | INFO: Primitives created: 1
23:43:08 | INFO: Extracting primitive: IF12_C07_R_Rear_Bolt1_WasherMesh
23:43:08 | INFO: Primitives created: 1
23:43:08 | INFO: Extracting primitive: IF12_C07_R_Rear_InnerBackingMesh
23:43:08 | INFO: Primitives created: 2
23:43:08 | INFO: Extracting primitive: IF12_C07_R_Rear_OuterStandMesh
23:43:08 | INFO: Primitives created: 2
23:43:08 | INFO: Extracting primitive: IF12_C07_R_Rear_UpperClampMesh
23:43:08 | INFO: Primitives created: 2
23:43:08 | INFO: Extracting primitive: IF12_C07_R_Rear_VisibleCapMesh
23:43:08 | INFO: Primitives created: 2
23:43:08 | INFO: Extracting primitive: 柱体.474
23:43:08 | INFO: Primitives created: 1
23:43:08 | INFO: Extracting primitive: IF12_C08_L_Front_Bolt0_InnerWasherMesh
23:43:08 | INFO: Primitives created: 1
23:43:08 | INFO: Extracting primitive: 柱体.472
23:43:08 | INFO: Primitives created: 1
23:43:08 | INFO: Extracting primitive: IF12_C08_L_Front_Bolt0_WasherMesh
23:43:08 | INFO: Primitives created: 1
23:43:08 | INFO: Extracting primitive: 柱体.489
23:43:08 | INFO: Primitives created: 1
23:43:08 | INFO: Extracting primitive: IF12_C08_L_Front_Bolt1_InnerWasherMesh
23:43:08 | INFO: Primitives created: 1
23:43:08 | INFO: Extracting primitive: 柱体.486
23:43:08 | INFO: Primitives created: 1
23:43:08 | INFO: Extracting primitive: IF12_C08_L_Front_Bolt1_WasherMesh
23:43:08 | INFO: Primitives created: 1
23:43:08 | INFO: Extracting primitive: IF12_C08_L_Front_InnerBackingMesh
23:43:08 | INFO: Primitives created: 2
23:43:08 | INFO: Extracting primitive: IF12_C08_L_Front_OuterStandMesh
23:43:08 | INFO: Primitives created: 2
23:43:08 | INFO: Extracting primitive: IF12_C08_L_Front_UpperClampMesh
23:43:08 | INFO: Primitives created: 2
23:43:08 | INFO: Extracting primitive: IF12_C08_L_Front_VisibleCapMesh
23:43:08 | INFO: Primitives created: 2
23:43:08 | INFO: Extracting primitive: 柱体.503
23:43:08 | INFO: Primitives created: 1
23:43:08 | INFO: Extracting primitive: IF12_C08_L_Rear_Bolt0_InnerWasherMesh
23:43:08 | INFO: Primitives created: 1
23:43:08 | INFO: Extracting primitive: 柱体.501
23:43:08 | INFO: Primitives created: 1
23:43:08 | INFO: Extracting primitive: IF12_C08_L_Rear_Bolt0_WasherMesh
23:43:08 | INFO: Primitives created: 1
23:43:08 | INFO: Extracting primitive: 柱体.518
23:43:08 | INFO: Primitives created: 1
23:43:08 | INFO: Extracting primitive: IF12_C08_L_Rear_Bolt1_InnerWasherMesh
23:43:08 | INFO: Primitives created: 1
23:43:08 | INFO: Extracting primitive: 柱体.516
23:43:08 | INFO: Primitives created: 1
23:43:08 | INFO: Extracting primitive: IF12_C08_L_Rear_Bolt1_WasherMesh
23:43:08 | INFO: Primitives created: 1
23:43:08 | INFO: Extracting primitive: IF12_C08_L_Rear_InnerBackingMesh
23:43:08 | INFO: Primitives created: 2
23:43:08 | INFO: Extracting primitive: IF12_C08_L_Rear_OuterStandMesh
23:43:08 | INFO: Primitives created: 2
23:43:08 | INFO: Extracting primitive: IF12_C08_L_Rear_UpperClampMesh
23:43:08 | INFO: Primitives created: 2
23:43:08 | INFO: Extracting primitive: IF12_C08_L_Rear_VisibleCapMesh
23:43:08 | INFO: Primitives created: 2
23:43:08 | INFO: Extracting primitive: 柱体.533
23:43:08 | INFO: Primitives created: 1
23:43:08 | INFO: Extracting primitive: IF12_C08_R_Front_Bolt0_InnerWasherMesh
23:43:08 | INFO: Primitives created: 1
23:43:08 | INFO: Extracting primitive: 柱体.530
23:43:08 | INFO: Primitives created: 1
23:43:08 | INFO: Extracting primitive: IF12_C08_R_Front_Bolt0_WasherMesh
23:43:08 | INFO: Primitives created: 1
23:43:08 | INFO: Extracting primitive: 柱体.547
23:43:08 | INFO: Primitives created: 1
23:43:08 | INFO: Extracting primitive: IF12_C08_R_Front_Bolt1_InnerWasherMesh
23:43:08 | INFO: Primitives created: 1
23:43:08 | INFO: Extracting primitive: 柱体.545
23:43:08 | INFO: Primitives created: 1
23:43:08 | INFO: Extracting primitive: IF12_C08_R_Front_Bolt1_WasherMesh
23:43:08 | INFO: Primitives created: 1
23:43:08 | INFO: Extracting primitive: IF12_C08_R_Front_InnerBackingMesh
23:43:08 | INFO: Primitives created: 2
23:43:08 | INFO: Extracting primitive: IF12_C08_R_Front_OuterStandMesh
23:43:08 | INFO: Primitives created: 2
23:43:08 | INFO: Extracting primitive: IF12_C08_R_Front_UpperClampMesh
23:43:08 | INFO: Primitives created: 2
23:43:08 | INFO: Extracting primitive: IF12_C08_R_Front_VisibleCapMesh
23:43:08 | INFO: Primitives created: 2
23:43:08 | INFO: Extracting primitive: 柱体.562
23:43:08 | INFO: Primitives created: 1
23:43:08 | INFO: Extracting primitive: IF12_C08_R_Rear_Bolt0_InnerWasherMesh
23:43:08 | INFO: Primitives created: 1
23:43:08 | INFO: Extracting primitive: 柱体.560
23:43:08 | INFO: Primitives created: 1
23:43:08 | INFO: Extracting primitive: IF12_C08_R_Rear_Bolt0_WasherMesh
23:43:08 | INFO: Primitives created: 1
23:43:08 | INFO: Extracting primitive: 柱体.575
23:43:08 | INFO: Primitives created: 1
23:43:08 | INFO: Extracting primitive: IF12_C08_R_Rear_Bolt1_InnerWasherMesh
23:43:08 | INFO: Primitives created: 1
23:43:08 | INFO: Extracting primitive: 柱体.573
23:43:08 | INFO: Primitives created: 1
23:43:08 | INFO: Extracting primitive: IF12_C08_R_Rear_Bolt1_WasherMesh
23:43:08 | INFO: Primitives created: 1
23:43:08 | INFO: Extracting primitive: IF12_C08_R_Rear_InnerBackingMesh
23:43:08 | INFO: Primitives created: 2
23:43:08 | INFO: Extracting primitive: IF12_C08_R_Rear_OuterStandMesh
23:43:08 | INFO: Primitives created: 2
23:43:08 | INFO: Extracting primitive: IF12_C08_R_Rear_UpperClampMesh
23:43:08 | INFO: Primitives created: 2
23:43:08 | INFO: Extracting primitive: IF12_C08_R_Rear_VisibleCapMesh
23:43:08 | INFO: Primitives created: 2
23:43:08 | INFO: Extracting primitive: 柱体.588
23:43:08 | INFO: Primitives created: 1
23:43:08 | INFO: Extracting primitive: IF12_C09_L_Front_Bolt0_InnerWasherMesh
23:43:08 | INFO: Primitives created: 1
23:43:08 | INFO: Extracting primitive: 柱体.586
23:43:08 | INFO: Primitives created: 1
23:43:08 | INFO: Extracting primitive: IF12_C09_L_Front_Bolt0_WasherMesh
23:43:08 | INFO: Primitives created: 1
23:43:08 | INFO: Extracting primitive: 柱体.601
23:43:08 | INFO: Primitives created: 1
23:43:08 | INFO: Extracting primitive: IF12_C09_L_Front_Bolt1_InnerWasherMesh
23:43:08 | INFO: Primitives created: 1
23:43:08 | INFO: Extracting primitive: 柱体.599
23:43:08 | INFO: Primitives created: 1
23:43:08 | INFO: Extracting primitive: IF12_C09_L_Front_Bolt1_WasherMesh
23:43:08 | INFO: Primitives created: 1
23:43:08 | INFO: Extracting primitive: IF12_C09_L_Front_InnerBackingMesh
23:43:08 | INFO: Primitives created: 2
23:43:08 | INFO: Extracting primitive: IF12_C09_L_Front_OuterStandMesh
23:43:08 | INFO: Primitives created: 2
23:43:08 | INFO: Extracting primitive: IF12_C09_L_Front_UpperClampMesh
23:43:08 | INFO: Primitives created: 2
23:43:08 | INFO: Extracting primitive: IF12_C09_L_Front_VisibleCapMesh
23:43:08 | INFO: Primitives created: 2
23:43:08 | INFO: Extracting primitive: 柱体.614
23:43:08 | INFO: Primitives created: 1
23:43:08 | INFO: Extracting primitive: IF12_C09_L_Rear_Bolt0_InnerWasherMesh
23:43:08 | INFO: Primitives created: 1
23:43:08 | INFO: Extracting primitive: 柱体.612
23:43:08 | INFO: Primitives created: 1
23:43:08 | INFO: Extracting primitive: IF12_C09_L_Rear_Bolt0_WasherMesh
23:43:08 | INFO: Primitives created: 1
23:43:08 | INFO: Extracting primitive: 柱体.627
23:43:08 | INFO: Primitives created: 1
23:43:08 | INFO: Extracting primitive: IF12_C09_L_Rear_Bolt1_InnerWasherMesh
23:43:08 | INFO: Primitives created: 1
23:43:08 | INFO: Extracting primitive: 柱体.625
23:43:08 | INFO: Primitives created: 1
23:43:08 | INFO: Extracting primitive: IF12_C09_L_Rear_Bolt1_WasherMesh
23:43:08 | INFO: Primitives created: 1
23:43:08 | INFO: Extracting primitive: IF12_C09_L_Rear_InnerBackingMesh
23:43:08 | INFO: Primitives created: 2
23:43:08 | INFO: Extracting primitive: IF12_C09_L_Rear_OuterStandMesh
23:43:08 | INFO: Primitives created: 2
23:43:08 | INFO: Extracting primitive: IF12_C09_L_Rear_UpperClampMesh
23:43:08 | INFO: Primitives created: 2
23:43:08 | INFO: Extracting primitive: IF12_C09_L_Rear_VisibleCapMesh
23:43:08 | INFO: Primitives created: 2
23:43:08 | INFO: Extracting primitive: 柱体.640
23:43:08 | INFO: Primitives created: 1
23:43:08 | INFO: Extracting primitive: IF12_C09_R_Front_Bolt0_InnerWasherMesh
23:43:08 | INFO: Primitives created: 1
23:43:08 | INFO: Extracting primitive: 柱体.638
23:43:08 | INFO: Primitives created: 1
23:43:08 | INFO: Extracting primitive: IF12_C09_R_Front_Bolt0_WasherMesh
23:43:08 | INFO: Primitives created: 1
23:43:08 | INFO: Extracting primitive: 柱体.653
23:43:08 | INFO: Primitives created: 1
23:43:08 | INFO: Extracting primitive: IF12_C09_R_Front_Bolt1_InnerWasherMesh
23:43:08 | INFO: Primitives created: 1
23:43:08 | INFO: Extracting primitive: 柱体.651
23:43:08 | INFO: Primitives created: 1
23:43:08 | INFO: Extracting primitive: IF12_C09_R_Front_Bolt1_WasherMesh
23:43:08 | INFO: Primitives created: 1
23:43:08 | INFO: Extracting primitive: IF12_C09_R_Front_InnerBackingMesh
23:43:08 | INFO: Primitives created: 2
23:43:08 | INFO: Extracting primitive: IF12_C09_R_Front_OuterStandMesh
23:43:08 | INFO: Primitives created: 2
23:43:08 | INFO: Extracting primitive: IF12_C09_R_Front_UpperClampMesh
23:43:08 | INFO: Primitives created: 2
23:43:08 | INFO: Extracting primitive: IF12_C09_R_Front_VisibleCapMesh
23:43:08 | INFO: Primitives created: 2
23:43:08 | INFO: Extracting primitive: 柱体.666
23:43:08 | INFO: Primitives created: 1
23:43:08 | INFO: Extracting primitive: IF12_C09_R_Rear_Bolt0_InnerWasherMesh
23:43:08 | INFO: Primitives created: 1
23:43:08 | INFO: Extracting primitive: 柱体.664
23:43:08 | INFO: Primitives created: 1
23:43:08 | INFO: Extracting primitive: IF12_C09_R_Rear_Bolt0_WasherMesh
23:43:08 | INFO: Primitives created: 1
23:43:08 | INFO: Extracting primitive: 柱体.679
23:43:08 | INFO: Primitives created: 1
23:43:08 | INFO: Extracting primitive: IF12_C09_R_Rear_Bolt1_InnerWasherMesh
23:43:08 | INFO: Primitives created: 1
23:43:08 | INFO: Extracting primitive: 柱体.677
23:43:08 | INFO: Primitives created: 1
23:43:08 | INFO: Extracting primitive: IF12_C09_R_Rear_Bolt1_WasherMesh
23:43:08 | INFO: Primitives created: 1
23:43:08 | INFO: Extracting primitive: IF12_C09_R_Rear_InnerBackingMesh
23:43:08 | INFO: Primitives created: 2
23:43:08 | INFO: Extracting primitive: IF12_C09_R_Rear_OuterStandMesh
23:43:08 | INFO: Primitives created: 2
23:43:08 | INFO: Extracting primitive: IF12_C09_R_Rear_UpperClampMesh
23:43:08 | INFO: Primitives created: 2
23:43:08 | INFO: Extracting primitive: IF12_C09_R_Rear_VisibleCapMesh
23:43:08 | INFO: Primitives created: 2
23:43:08 | INFO: Extracting primitive: 柱体.267
23:43:08 | INFO: Primitives created: 1
23:43:08 | INFO: Extracting primitive: IF12_C04_L_Aft_Bolt0_InnerWasherMesh
23:43:08 | INFO: Primitives created: 1
23:43:08 | INFO: Extracting primitive: 柱体.262
23:43:08 | INFO: Primitives created: 1
23:43:08 | INFO: Extracting primitive: IF12_C04_L_Aft_Bolt0_WasherMesh
23:43:08 | INFO: Primitives created: 1
23:43:08 | INFO: Extracting primitive: 柱体.286
23:43:08 | INFO: Primitives created: 1
23:43:08 | INFO: Extracting primitive: IF12_C04_L_Aft_Bolt1_InnerWasherMesh
23:43:08 | INFO: Primitives created: 1
23:43:08 | INFO: Extracting primitive: 柱体.284
23:43:08 | INFO: Primitives created: 1
23:43:08 | INFO: Extracting primitive: IF12_C04_L_Aft_Bolt1_WasherMesh
23:43:08 | INFO: Primitives created: 1
23:43:08 | INFO: Extracting primitive: IF12_C04_L_Aft_InnerBackingMesh
23:43:08 | INFO: Primitives created: 2
23:43:08 | INFO: Extracting primitive: IF12_C04_L_Aft_OuterStandMesh
23:43:08 | INFO: Primitives created: 2
23:43:08 | INFO: Extracting primitive: IF12_C04_L_Aft_UpperClampMesh
23:43:08 | INFO: Primitives created: 2
23:43:08 | INFO: Extracting primitive: IF12_C04_L_Aft_VisibleCapMesh
23:43:08 | INFO: Primitives created: 2
23:43:08 | INFO: Extracting primitive: 柱体.140
23:43:08 | INFO: Primitives created: 1
23:43:08 | INFO: Extracting primitive: IF12_C04_L_Fore_Bolt0_InnerWasherMesh
23:43:08 | INFO: Primitives created: 1
23:43:08 | INFO: Extracting primitive: 柱体.097
23:43:08 | INFO: Primitives created: 1
23:43:08 | INFO: Extracting primitive: IF12_C04_L_Fore_Bolt0_WasherMesh
23:43:08 | INFO: Primitives created: 1
23:43:08 | INFO: Extracting primitive: 柱体.235
23:43:08 | INFO: Primitives created: 1
23:43:08 | INFO: Extracting primitive: IF12_C04_L_Fore_Bolt1_InnerWasherMesh
23:43:08 | INFO: Primitives created: 1
23:43:08 | INFO: Extracting primitive: 柱体.231
23:43:08 | INFO: Primitives created: 1
23:43:08 | INFO: Extracting primitive: IF12_C04_L_Fore_Bolt1_WasherMesh
23:43:08 | INFO: Primitives created: 1
23:43:08 | INFO: Extracting primitive: IF12_C04_L_Fore_InnerBackingMesh
23:43:08 | INFO: Primitives created: 2
23:43:08 | INFO: Extracting primitive: IF12_C04_L_Fore_OuterStandMesh
23:43:08 | INFO: Primitives created: 2
23:43:08 | INFO: Extracting primitive: IF12_C04_L_Fore_UpperClampMesh
23:43:08 | INFO: Primitives created: 2
23:43:08 | INFO: Extracting primitive: IF12_C04_L_Fore_VisibleCapMesh
23:43:08 | INFO: Primitives created: 2
23:43:08 | INFO: Extracting primitive: 柱体.346
23:43:08 | INFO: Primitives created: 1
23:43:08 | INFO: Extracting primitive: IF12_C04_R_Aft_Bolt0_InnerWasherMesh
23:43:08 | INFO: Primitives created: 1
23:43:08 | INFO: Extracting primitive: 柱体.344
23:43:08 | INFO: Primitives created: 1
23:43:08 | INFO: Extracting primitive: IF12_C04_R_Aft_Bolt0_WasherMesh
23:43:08 | INFO: Primitives created: 1
23:43:08 | INFO: Extracting primitive: 柱体.363
23:43:08 | INFO: Primitives created: 1
23:43:08 | INFO: Extracting primitive: IF12_C04_R_Aft_Bolt1_InnerWasherMesh
23:43:08 | INFO: Primitives created: 1
23:43:08 | INFO: Extracting primitive: 柱体.360
23:43:08 | INFO: Primitives created: 1
23:43:08 | INFO: Extracting primitive: IF12_C04_R_Aft_Bolt1_WasherMesh
23:43:08 | INFO: Primitives created: 1
23:43:08 | INFO: Extracting primitive: IF12_C04_R_Aft_InnerBackingMesh
23:43:08 | INFO: Primitives created: 2
23:43:08 | INFO: Extracting primitive: IF12_C04_R_Aft_OuterStandMesh
23:43:08 | INFO: Primitives created: 2
23:43:08 | INFO: Extracting primitive: IF12_C04_R_Aft_UpperClampMesh
23:43:08 | INFO: Primitives created: 2
23:43:08 | INFO: Extracting primitive: IF12_C04_R_Aft_VisibleCapMesh
23:43:08 | INFO: Primitives created: 2
23:43:08 | INFO: Extracting primitive: 柱体.305
23:43:08 | INFO: Primitives created: 1
23:43:08 | INFO: Extracting primitive: IF12_C04_R_Fore_Bolt0_InnerWasherMesh
23:43:08 | INFO: Primitives created: 1
23:43:08 | INFO: Extracting primitive: 柱体.303
23:43:08 | INFO: Primitives created: 1
23:43:08 | INFO: Extracting primitive: IF12_C04_R_Fore_Bolt0_WasherMesh
23:43:08 | INFO: Primitives created: 1
23:43:08 | INFO: Extracting primitive: 柱体.329
23:43:08 | INFO: Primitives created: 1
23:43:08 | INFO: Extracting primitive: IF12_C04_R_Fore_Bolt1_InnerWasherMesh
23:43:08 | INFO: Primitives created: 1
23:43:08 | INFO: Extracting primitive: 柱体.323
23:43:08 | INFO: Primitives created: 1
23:43:08 | INFO: Extracting primitive: IF12_C04_R_Fore_Bolt1_WasherMesh
23:43:08 | INFO: Primitives created: 1
23:43:08 | INFO: Extracting primitive: IF12_C04_R_Fore_InnerBackingMesh
23:43:08 | INFO: Primitives created: 2
23:43:08 | INFO: Extracting primitive: IF12_C04_R_Fore_OuterStandMesh
23:43:08 | INFO: Primitives created: 2
23:43:08 | INFO: Extracting primitive: IF12_C04_R_Fore_UpperClampMesh
23:43:08 | INFO: Primitives created: 2
23:43:08 | INFO: Extracting primitive: IF12_C04_R_Fore_VisibleCapMesh
23:43:08 | INFO: Primitives created: 2
23:43:08 | INFO: Extracting primitive: 柱体.040
23:43:08 | INFO: Primitives created: 1
23:43:08 | INFO: Extracting primitive: IH11_CoreAnchor_00_WasherMesh
23:43:08 | INFO: Primitives created: 1
23:43:08 | INFO: Extracting primitive: 柱体.082
23:43:08 | INFO: Primitives created: 1
23:43:08 | INFO: Extracting primitive: IH11_CoreAnchor_01_WasherMesh
23:43:08 | INFO: Primitives created: 1
23:43:08 | INFO: Extracting primitive: 柱体.112
23:43:08 | INFO: Primitives created: 1
23:43:08 | INFO: Extracting primitive: IH11_CoreAnchor_02_WasherMesh
23:43:08 | INFO: Primitives created: 1
23:43:08 | INFO: Extracting primitive: 柱体.186
23:43:08 | INFO: Primitives created: 1
23:43:08 | INFO: Extracting primitive: IH11_CoreAnchor_03_WasherMesh
23:43:08 | INFO: Primitives created: 1
23:43:08 | INFO: Extracting primitive: IH11_FittedHubBackingMesh
23:43:08 | INFO: Primitives created: 2
23:43:08 | INFO: Extracting primitive: 柱体.225
23:43:08 | INFO: Primitives created: 1
23:43:08 | INFO: Extracting primitive: IH11_HubRetainer_00_WasherMesh
23:43:08 | INFO: Primitives created: 1
23:43:08 | INFO: Extracting primitive: 柱体.237
23:43:08 | INFO: Primitives created: 1
23:43:08 | INFO: Extracting primitive: IH11_HubRetainer_01_WasherMesh
23:43:08 | INFO: Primitives created: 1
23:43:08 | INFO: Extracting primitive: 柱体.248
23:43:08 | INFO: Primitives created: 1
23:43:08 | INFO: Extracting primitive: IH11_HubRetainer_02_WasherMesh
23:43:08 | INFO: Primitives created: 1
23:43:08 | INFO: Extracting primitive: 柱体.256
23:43:08 | INFO: Primitives created: 1
23:43:08 | INFO: Extracting primitive: IH11_HubRetainer_03_WasherMesh
23:43:08 | INFO: Primitives created: 1
23:43:08 | INFO: Extracting primitive: IN1_CellDiaphragm_01_MachiningTriangles
23:43:08 | INFO: Primitives created: 2
23:43:08 | INFO: Extracting primitive: IN1_CellDiaphragm_02_MachiningTriangles
23:43:08 | INFO: Primitives created: 2
23:43:08 | INFO: Extracting primitive: IN1_CellDiaphragm_03_MachiningTriangles
23:43:08 | INFO: Primitives created: 2
23:43:08 | INFO: Extracting primitive: IN1_CellDiaphragm_04_R12Machining
23:43:08 | INFO: Primitives created: 2
23:43:08 | INFO: Extracting primitive: IN1_CellDiaphragm_05_R12Machining
23:43:08 | INFO: Primitives created: 2
23:43:08 | INFO: Extracting primitive: IN1_CellDiaphragm_06_R12Machining
23:43:08 | INFO: Primitives created: 2
23:43:08 | INFO: Extracting primitive: IN1_CellDiaphragm_07_R16SourceTriangles
23:43:08 | INFO: Primitives created: 2
23:43:08 | INFO: Extracting primitive: IN1_CellDiaphragm_08_R16SourceTriangles
23:43:08 | INFO: Primitives created: 2
23:43:08 | INFO: Extracting primitive: IN1_CellDiaphragm_09_R16SourceTriangles
23:43:08 | INFO: Primitives created: 2
23:43:08 | INFO: Extracting primitive: IN1_CellDiaphragm_10_MachiningTriangles
23:43:08 | INFO: Primitives created: 2
23:43:08 | INFO: Extracting primitive: IN1_CellDiaphragm_11_MachiningTriangles
23:43:08 | INFO: Primitives created: 2
23:43:08 | INFO: Extracting primitive: IN1_CellDiaphragm_12_MachiningTriangles
23:43:08 | INFO: Primitives created: 2
23:43:08 | INFO: Extracting primitive: IN1_CellFrame_01_MachiningTriangles
23:43:08 | INFO: Primitives created: 3
23:43:08 | INFO: Extracting primitive: IN1_CellFrame_02_MachiningTriangles
23:43:08 | INFO: Primitives created: 3
23:43:08 | INFO: Extracting primitive: IN1_CellFrame_03_MachiningTriangles
23:43:08 | INFO: Primitives created: 3
23:43:08 | INFO: Extracting primitive: IN1_CellFrame_04_R12Machining
23:43:08 | INFO: Primitives created: 3
23:43:08 | INFO: Extracting primitive: IN1_CellFrame_05_R12Machining
23:43:08 | INFO: Primitives created: 3
23:43:08 | INFO: Extracting primitive: IN1_CellFrame_06_R12Machining
23:43:08 | INFO: Primitives created: 3
23:43:08 | INFO: Extracting primitive: IN1_CellFrame_07_R12Machining
23:43:08 | INFO: Primitives created: 3
23:43:08 | INFO: Extracting primitive: IN1_CellFrame_08_R16SourceTriangles
23:43:08 | INFO: Primitives created: 3
23:43:08 | INFO: Extracting primitive: IN1_CellFrame_09_RenderTriangleRepair
23:43:08 | INFO: Primitives created: 3
23:43:08 | INFO: Extracting primitive: IN1_CellFrame_10_MachiningTriangles
23:43:08 | INFO: Primitives created: 3
23:43:08 | INFO: Extracting primitive: IN1_CellFrame_11_MachiningTriangles
23:43:08 | INFO: Primitives created: 3
23:43:08 | INFO: Extracting primitive: IN1_CellFrame_12_MachiningTriangles
23:43:08 | INFO: Primitives created: 3
23:43:08 | INFO: Extracting primitive: IN1_ChamberRib_0_ACurve
23:43:08 | INFO: Primitives created: 2
23:43:08 | INFO: Extracting primitive: IN1_ChamberRib_10_ACurve
23:43:08 | INFO: Primitives created: 2
23:43:08 | INFO: Extracting primitive: IN1_ChamberRib_11_ACurve
23:43:08 | INFO: Primitives created: 2
23:43:08 | INFO: Extracting primitive: IN1_ChamberRib_1_ACurve
23:43:08 | INFO: Primitives created: 2
23:43:08 | INFO: Extracting primitive: IN1_ChamberRib_2_ACurve
23:43:08 | INFO: Primitives created: 2
23:43:08 | INFO: Extracting primitive: IN1_ChamberRib_3_ACurve
23:43:08 | INFO: Primitives created: 2
23:43:08 | INFO: Extracting primitive: IN1_ChamberRib_4_ACurve
23:43:08 | INFO: Primitives created: 2
23:43:08 | INFO: Extracting primitive: IN1_ChamberRib_4_ACurve.001
23:43:08 | INFO: Primitives created: 2
23:43:08 | INFO: Extracting primitive: IN1_ChamberRib_5_ACurve
23:43:08 | INFO: Primitives created: 2
23:43:08 | INFO: Extracting primitive: IN1_ChamberRib_5_ACurve.001
23:43:08 | INFO: Primitives created: 2
23:43:08 | INFO: Extracting primitive: IN1_ChamberRib_6_ACurve
23:43:08 | INFO: Primitives created: 2
23:43:08 | INFO: Extracting primitive: IN1_ChamberRib_6_ACurve.001
23:43:08 | INFO: Primitives created: 2
23:43:08 | INFO: Extracting primitive: IN1_ChamberRib_7_ACurve
23:43:08 | INFO: Primitives created: 2
23:43:08 | INFO: Extracting primitive: IN1_ChamberRib_7_ACurve.001
23:43:08 | INFO: Primitives created: 2
23:43:08 | INFO: Extracting primitive: IN1_ChamberRib_8_ACurve
23:43:08 | INFO: Primitives created: 2
23:43:08 | INFO: Extracting primitive: IN1_ChamberRib_9_ACurve
23:43:08 | INFO: Primitives created: 2
23:43:08 | INFO: Extracting primitive: IN1_DeckFoot_RenderTriangleRepair
23:43:08 | INFO: Primitives created: 1
23:43:08 | INFO: Extracting primitive: IN1_FittedSaddleGasket_1Mesh
23:43:08 | INFO: Primitives created: 1
23:43:08 | INFO: Extracting primitive: IN1_FittedSaddleGasket_2Mesh
23:43:08 | INFO: Primitives created: 1
23:43:08 | INFO: Extracting primitive: IN1_FittedSaddleGasket_3Mesh
23:43:08 | INFO: Primitives created: 1
23:43:08 | INFO: Extracting primitive: IN1_FittedSaddleGasket_4Mesh
23:43:08 | INFO: Primitives created: 1
23:43:08 | INFO: Extracting primitive: IN1_FittedSaddleSeat_1Mesh
23:43:08 | INFO: Primitives created: 1
23:43:08 | INFO: Extracting primitive: IN1_FittedSaddleSeat_2Mesh
23:43:08 | INFO: Primitives created: 1
23:43:08 | INFO: Extracting primitive: IN1_FittedSaddleSeat_3Mesh
23:43:08 | INFO: Primitives created: 1
23:43:08 | INFO: Extracting primitive: IN1_FittedSaddleSeat_4Mesh
23:43:08 | INFO: Primitives created: 1
23:43:08 | INFO: Extracting primitive: IN1_PorcelainPanel_05_RenderTriangleRepair.003
23:43:08 | INFO: Primitives created: 1
23:43:08 | INFO: Extracting primitive: I55_CapMetalFixed05Mesh
23:43:08 | INFO: Primitives created: 1
23:43:08 | INFO: Extracting primitive: IN1_FixedRearShell_03_RenderTriangleRepair
23:43:08 | INFO: Primitives created: 2
23:43:08 | INFO: Extracting primitive: IN1_FixedRearShell_04_RenderTriangleRepair
23:43:08 | INFO: Primitives created: 2
23:43:08 | INFO: Extracting primitive: IN1_FixedRearShell_05_RenderTriangleRepair.001
23:43:08 | INFO: Primitives created: 2
23:43:08 | INFO: Extracting primitive: IN1_HubCeramicFront_R11Machining
23:43:08 | INFO: Primitives created: 1
23:43:08 | INFO: Extracting primitive: Cylinder.009
23:43:08 | INFO: Primitives created: 1
23:43:08 | INFO: Extracting primitive: Cylinder.007
23:43:08 | INFO: Primitives created: 1
23:43:08 | INFO: Extracting primitive: Cylinder.012
23:43:08 | INFO: Primitives created: 1
23:43:08 | INFO: Extracting primitive: IN1_HubRecessFront_R11Machining
23:43:08 | INFO: Primitives created: 1
23:43:08 | INFO: Extracting primitive: Cylinder.011
23:43:08 | INFO: Primitives created: 1
23:43:08 | INFO: Extracting primitive: IN1_HubRingFront_R11Machining
23:43:08 | INFO: Primitives created: 1
23:43:08 | INFO: Extracting primitive: Cylinder.010
23:43:08 | INFO: Primitives created: 1
23:43:08 | INFO: Extracting primitive: Cylinder.014
23:43:08 | INFO: Primitives created: 1
23:43:08 | INFO: Extracting primitive: IN1_PanelRim_0_0_0_-2335Curve
23:43:08 | INFO: Primitives created: 1
23:43:08 | INFO: Extracting primitive: IN1_PanelRim_0_0_0_-3057Curve
23:43:08 | INFO: Primitives created: 1
23:43:08 | INFO: Extracting primitive: IN1_PorcelainPanel_01_RenderTriangleRepair
23:43:08 | INFO: Primitives created: 1
23:43:08 | INFO: Extracting primitive: IN1_PanelRim_1_1_0_-1410Curve
23:43:08 | INFO: Primitives created: 1
23:43:08 | INFO: Extracting primitive: IN1_PanelRim_1_1_0_-2307Curve
23:43:08 | INFO: Primitives created: 1
23:43:08 | INFO: Extracting primitive: IN1_PanelRim_1_1_1_-1410Curve
23:43:08 | INFO: Primitives created: 1
23:43:08 | INFO: Extracting primitive: IN1_PorcelainPanel_02_RenderTriangleRepair
23:43:08 | INFO: Primitives created: 1
23:43:08 | INFO: Extracting primitive: IN1_PanelRim_2_2_0_-1382Curve
23:43:08 | INFO: Primitives created: 1
23:43:08 | INFO: Extracting primitive: IN1_PanelRim_2_2_0_-153Curve
23:43:08 | INFO: Primitives created: 1
23:43:08 | INFO: Extracting primitive: IN1_PorcelainPanel_03_RenderTriangleRepair
23:43:08 | INFO: Primitives created: 3
23:43:08 | INFO: Extracting primitive: IN1_PanelRim_3_3_0_-125Curve
23:43:08 | INFO: Primitives created: 1
23:43:08 | INFO: Extracting primitive: IN1_PanelRim_3_3_0_1312Curve
23:43:08 | INFO: Primitives created: 1
23:43:08 | INFO: Extracting primitive: IN1_PorcelainPanel_04_RenderTriangleRepair
23:43:08 | INFO: Primitives created: 3
23:43:08 | INFO: Extracting primitive: IN1_PanelRim_4_4_0_1340Curve
23:43:08 | INFO: Primitives created: 1
23:43:08 | INFO: Extracting primitive: IN1_PorcelainPanel_05_RenderTriangleRepair.002
23:43:08 | INFO: Primitives created: 2
23:43:08 | INFO: Extracting primitive: I53_CapMetal05Mesh
23:43:08 | INFO: Primitives created: 1
23:43:08 | INFO: Extracting primitive: I61_FrontReturn05Mesh
23:43:08 | INFO: Primitives created: 1
23:43:08 | INFO: Extracting primitive: IN1_PanelRim_5_5_0_2527Curve
23:43:08 | INFO: Primitives created: 1
23:43:08 | INFO: Extracting primitive: IN1_PanelRim_5_5_0_3197Curve
23:43:08 | INFO: Primitives created: 1
23:43:08 | INFO: Extracting primitive: IN1_PorcelainPanel_06Mesh
23:43:09 | INFO: Primitives created: 1
23:43:09 | INFO: Extracting primitive: IN1_SpiralHubFront_R11Machining
23:43:09 | INFO: Primitives created: 2
23:43:09 | INFO: Extracting primitive: Cylinder.008
23:43:09 | INFO: Primitives created: 1
23:43:09 | INFO: Extracting primitive: IN2_Cassette03CoverBolt-1Bolt_RenderTriangleRepair
23:43:09 | INFO: Primitives created: 1
23:43:09 | INFO: Extracting primitive: IN2_Cassette03CoverBolt-1BoreLiner_RenderTriangleRepair
23:43:09 | INFO: Primitives created: 1
23:43:09 | INFO: Extracting primitive: IN2_Cassette03CoverBolt-1InnerWasher_RenderTriangleRepair
23:43:09 | INFO: Primitives created: 1
23:43:09 | INFO: Extracting primitive: IN2_Cassette03CoverBolt-1OuterWasher_RenderTriangleRepair
23:43:09 | INFO: Primitives created: 1
23:43:09 | INFO: Extracting primitive: IN2_Cassette03CoverBolt-1ThreadedInsert_RenderTriangleRepair
23:43:09 | INFO: Primitives created: 1
23:43:09 | INFO: Extracting primitive: IN2_Cassette03CoverBolt1Bolt_RenderTriangleRepair
23:43:09 | INFO: Primitives created: 1
23:43:09 | INFO: Extracting primitive: IN2_Cassette03CoverBolt1BoreLiner_RenderTriangleRepair
23:43:09 | INFO: Primitives created: 1
23:43:09 | INFO: Extracting primitive: IN2_Cassette03CoverBolt1InnerWasher_RenderTriangleRepair
23:43:09 | INFO: Primitives created: 1
23:43:09 | INFO: Extracting primitive: IN2_Cassette03CoverBolt1OuterWasher_RenderTriangleRepair
23:43:09 | INFO: Primitives created: 1
23:43:09 | INFO: Extracting primitive: IN2_Cassette03CoverBolt1ThreadedInsert_RenderTriangleRepair
23:43:09 | INFO: Primitives created: 1
23:43:09 | INFO: Extracting primitive: IN2_Cassette03RotatingTongue_RenderTriangleRepair
23:43:09 | INFO: Primitives created: 1
23:43:09 | INFO: Extracting primitive: IN2_Cassette03CaptivePin_RenderTriangleRepair
23:43:09 | INFO: Primitives created: 1
23:43:09 | INFO: Extracting primitive: IN2_Cassette03Crosshead_RenderTriangleRepair.001
23:43:09 | INFO: Primitives created: 2
23:43:09 | INFO: Extracting primitive: IN2_Cassette03PinBush-1_RenderTriangleRepair
23:43:09 | INFO: Primitives created: 1
23:43:09 | INFO: Extracting primitive: IN2_Cassette03PinBush1_RenderTriangleRepair
23:43:09 | INFO: Primitives created: 1
23:43:09 | INFO: Extracting primitive: IN2_Cassette03PinHead-1_RenderTriangleRepair
23:43:09 | INFO: Primitives created: 1
23:43:09 | INFO: Extracting primitive: IN2_Cassette03PinHead1_RenderTriangleRepair
23:43:09 | INFO: Primitives created: 1
23:43:09 | INFO: Extracting primitive: IN2_Cassette03PressurePistonRod_RenderTriangleRepair
23:43:09 | INFO: Primitives created: 1
23:43:09 | INFO: Extracting primitive: IN2_Cassette03PressurePistonSeal_RenderTriangleRepair
23:43:09 | INFO: Primitives created: 1
23:43:09 | INFO: Extracting primitive: IN2_Cassette03PressureRodThrust_RenderTriangleRepair
23:43:09 | INFO: Primitives created: 1
23:43:09 | INFO: Extracting primitive: IN2_Cassette03ThrustWasher-1_RenderTriangleRepair
23:43:09 | INFO: Primitives created: 1
23:43:09 | INFO: Extracting primitive: IN2_Cassette03ThrustWasher1_RenderTriangleRepair
23:43:09 | INFO: Primitives created: 1
23:43:09 | INFO: Extracting primitive: IN2_Guide03RetainingBolt-1_RenderTriangleRepair
23:43:09 | INFO: Primitives created: 1
23:43:09 | INFO: Extracting primitive: IN2_Guide03RetainingBolt1_RenderTriangleRepair
23:43:09 | INFO: Primitives created: 1
23:43:09 | INFO: Extracting primitive: IN2_Guide03RetainingWasher-1_RenderTriangleRepair
23:43:09 | INFO: Primitives created: 1
23:43:09 | INFO: Extracting primitive: IN2_Guide03RetainingWasher1_RenderTriangleRepair
23:43:09 | INFO: Primitives created: 1
23:43:09 | INFO: Extracting primitive: IN2_Guide03Rod-1_RenderTriangleRepair
23:43:09 | INFO: Primitives created: 1
23:43:09 | INFO: Extracting primitive: IN2_Guide03Rod1_RenderTriangleRepair
23:43:09 | INFO: Primitives created: 1
23:43:09 | INFO: Extracting primitive: IN2_Cassette03BackBlock_RenderTriangleRepair.001
23:43:09 | INFO: Primitives created: 2
23:43:09 | INFO: Extracting primitive: IN2_Cassette03BodyBolt-1Bolt_RenderTriangleRepair
23:43:09 | INFO: Primitives created: 1
23:43:09 | INFO: Extracting primitive: IN2_Cassette03BodyBolt-1BoreLiner_RenderTriangleRepair
23:43:09 | INFO: Primitives created: 1
23:43:09 | INFO: Extracting primitive: IN2_Cassette03BodyBolt-1InnerWasher_RenderTriangleRepair
23:43:09 | INFO: Primitives created: 1
23:43:09 | INFO: Extracting primitive: IN2_Cassette03BodyBolt-1OuterWasher_RenderTriangleRepair
23:43:09 | INFO: Primitives created: 1
23:43:09 | INFO: Extracting primitive: IN2_Cassette03BodyBolt-1ThreadedInsert_RenderTriangleRepair
23:43:09 | INFO: Primitives created: 1
23:43:09 | INFO: Extracting primitive: IN2_Cassette03BodyBolt1Bolt_RenderTriangleRepair
23:43:09 | INFO: Primitives created: 1
23:43:09 | INFO: Extracting primitive: IN2_Cassette03BodyBolt1BoreLiner_RenderTriangleRepair
23:43:09 | INFO: Primitives created: 1
23:43:09 | INFO: Extracting primitive: IN2_Cassette03BodyBolt1InnerWasher_RenderTriangleRepair
23:43:09 | INFO: Primitives created: 1
23:43:09 | INFO: Extracting primitive: IN2_Cassette03BodyBolt1OuterWasher_RenderTriangleRepair
23:43:09 | INFO: Primitives created: 1
23:43:09 | INFO: Extracting primitive: IN2_Cassette03BodyBolt1ThreadedInsert_RenderTriangleRepair
23:43:09 | INFO: Primitives created: 1
23:43:09 | INFO: Extracting primitive: IN2_Cassette03PressureGlandSeal_RenderTriangleRepair
23:43:09 | INFO: Primitives created: 1
23:43:09 | INFO: Extracting primitive: IN2_Cassette03PressureHousing_RenderTriangleRepair
23:43:09 | INFO: Primitives created: 1
23:43:09 | INFO: Extracting primitive: IN2_Cassette03PressureMountBolt-1_RenderTriangleRepair
23:43:09 | INFO: Primitives created: 1
23:43:09 | INFO: Extracting primitive: IN2_Cassette03PressureMountBolt1_RenderTriangleRepair
23:43:09 | INFO: Primitives created: 1
23:43:09 | INFO: Extracting primitive: IN2_Cassette03PressureMountWasher-1_RenderTriangleRepair
23:43:09 | INFO: Primitives created: 1
23:43:09 | INFO: Extracting primitive: IN2_Cassette03PressureMountWasher1_RenderTriangleRepair
23:43:09 | INFO: Primitives created: 1
23:43:09 | INFO: Extracting primitive: IN2_Guide03Bronze-1_RenderTriangleRepair
23:43:09 | INFO: Primitives created: 1
23:43:09 | INFO: Extracting primitive: IN2_Guide03Bronze1_RenderTriangleRepair
23:43:09 | INFO: Primitives created: 1
23:43:09 | INFO: Extracting primitive: IN2_Guide03Jacket-1_RenderTriangleRepair
23:43:09 | INFO: Primitives created: 1
23:43:09 | INFO: Extracting primitive: IN2_Guide03Jacket1_RenderTriangleRepair
23:43:09 | INFO: Primitives created: 1
23:43:09 | INFO: Extracting primitive: IN2_Cassette04CoverBolt-1Bolt_RenderTriangleRepair
23:43:09 | INFO: Primitives created: 1
23:43:09 | INFO: Extracting primitive: IN2_Cassette04CoverBolt-1BoreLiner_RenderTriangleRepair
23:43:09 | INFO: Primitives created: 1
23:43:09 | INFO: Extracting primitive: IN2_Cassette04CoverBolt-1InnerWasher_RenderTriangleRepair
23:43:09 | INFO: Primitives created: 1
23:43:09 | INFO: Extracting primitive: IN2_Cassette04CoverBolt-1OuterWasher_RenderTriangleRepair
23:43:09 | INFO: Primitives created: 1
23:43:09 | INFO: Extracting primitive: IN2_Cassette04CoverBolt-1ThreadedInsert_RenderTriangleRepair
23:43:09 | INFO: Primitives created: 1
23:43:09 | INFO: Extracting primitive: IN2_Cassette04CoverBolt1Bolt_RenderTriangleRepair
23:43:09 | INFO: Primitives created: 1
23:43:09 | INFO: Extracting primitive: IN2_Cassette04CoverBolt1BoreLiner_RenderTriangleRepair
23:43:09 | INFO: Primitives created: 1
23:43:09 | INFO: Extracting primitive: IN2_Cassette04CoverBolt1InnerWasher_RenderTriangleRepair
23:43:09 | INFO: Primitives created: 1
23:43:09 | INFO: Extracting primitive: IN2_Cassette04CoverBolt1OuterWasher_RenderTriangleRepair
23:43:09 | INFO: Primitives created: 1
23:43:09 | INFO: Extracting primitive: IN2_Cassette04CoverBolt1ThreadedInsert_RenderTriangleRepair
23:43:09 | INFO: Primitives created: 1
23:43:09 | INFO: Extracting primitive: IN2_Cassette04RotatingTongue_RenderTriangleRepair
23:43:09 | INFO: Primitives created: 1
23:43:09 | INFO: Extracting primitive: IN2_Cassette04CaptivePin_RenderTriangleRepair
23:43:09 | INFO: Primitives created: 1
23:43:09 | INFO: Extracting primitive: IN2_Cassette04Crosshead_RenderTriangleRepair.001
23:43:09 | INFO: Primitives created: 2
23:43:09 | INFO: Extracting primitive: IN2_Cassette04PinBush-1_RenderTriangleRepair
23:43:09 | INFO: Primitives created: 1
23:43:09 | INFO: Extracting primitive: IN2_Cassette04PinBush1_RenderTriangleRepair
23:43:09 | INFO: Primitives created: 1
23:43:09 | INFO: Extracting primitive: IN2_Cassette04PinHead-1_RenderTriangleRepair
23:43:09 | INFO: Primitives created: 1
23:43:09 | INFO: Extracting primitive: IN2_Cassette04PinHead1_RenderTriangleRepair
23:43:09 | INFO: Primitives created: 1
23:43:09 | INFO: Extracting primitive: IN2_Cassette04PressurePistonRod_RenderTriangleRepair
23:43:09 | INFO: Primitives created: 1
23:43:09 | INFO: Extracting primitive: IN2_Cassette04PressurePistonSeal_RenderTriangleRepair
23:43:09 | INFO: Primitives created: 1
23:43:09 | INFO: Extracting primitive: IN2_Cassette04PressureRodThrust_RenderTriangleRepair
23:43:09 | INFO: Primitives created: 1
23:43:09 | INFO: Extracting primitive: IN2_Cassette04ThrustWasher-1_RenderTriangleRepair
23:43:09 | INFO: Primitives created: 1
23:43:09 | INFO: Extracting primitive: IN2_Cassette04ThrustWasher1_RenderTriangleRepair
23:43:09 | INFO: Primitives created: 1
23:43:09 | INFO: Extracting primitive: IN2_Guide04RetainingBolt-1_RenderTriangleRepair
23:43:09 | INFO: Primitives created: 1
23:43:09 | INFO: Extracting primitive: IN2_Guide04RetainingBolt1_RenderTriangleRepair
23:43:09 | INFO: Primitives created: 1
23:43:09 | INFO: Extracting primitive: IN2_Guide04RetainingWasher-1_RenderTriangleRepair
23:43:09 | INFO: Primitives created: 1
23:43:09 | INFO: Extracting primitive: IN2_Guide04RetainingWasher1_RenderTriangleRepair
23:43:09 | INFO: Primitives created: 1
23:43:09 | INFO: Extracting primitive: IN2_Guide04Rod-1_RenderTriangleRepair
23:43:09 | INFO: Primitives created: 1
23:43:09 | INFO: Extracting primitive: IN2_Guide04Rod1_RenderTriangleRepair
23:43:09 | INFO: Primitives created: 1
23:43:09 | INFO: Extracting primitive: IN2_Cassette04BackBlock_RenderTriangleRepair.001
23:43:09 | INFO: Primitives created: 2
23:43:09 | INFO: Extracting primitive: IN2_Cassette04BodyBolt-1Bolt_RenderTriangleRepair
23:43:09 | INFO: Primitives created: 1
23:43:09 | INFO: Extracting primitive: IN2_Cassette04BodyBolt-1BoreLiner_RenderTriangleRepair
23:43:09 | INFO: Primitives created: 1
23:43:09 | INFO: Extracting primitive: IN2_Cassette04BodyBolt-1InnerWasher_RenderTriangleRepair
23:43:09 | INFO: Primitives created: 1
23:43:09 | INFO: Extracting primitive: IN2_Cassette04BodyBolt-1OuterWasher_RenderTriangleRepair
23:43:09 | INFO: Primitives created: 1
23:43:09 | INFO: Extracting primitive: IN2_Cassette04BodyBolt-1ThreadedInsert_RenderTriangleRepair
23:43:09 | INFO: Primitives created: 1
23:43:09 | INFO: Extracting primitive: IN2_Cassette04BodyBolt1Bolt_RenderTriangleRepair
23:43:09 | INFO: Primitives created: 1
23:43:09 | INFO: Extracting primitive: IN2_Cassette04BodyBolt1BoreLiner_RenderTriangleRepair
23:43:09 | INFO: Primitives created: 1
23:43:09 | INFO: Extracting primitive: IN2_Cassette04BodyBolt1InnerWasher_RenderTriangleRepair
23:43:09 | INFO: Primitives created: 1
23:43:09 | INFO: Extracting primitive: IN2_Cassette04BodyBolt1OuterWasher_RenderTriangleRepair
23:43:09 | INFO: Primitives created: 1
23:43:09 | INFO: Extracting primitive: IN2_Cassette04BodyBolt1ThreadedInsert_RenderTriangleRepair
23:43:09 | INFO: Primitives created: 1
23:43:09 | INFO: Extracting primitive: IN2_Cassette04PressureGlandSeal_RenderTriangleRepair
23:43:09 | INFO: Primitives created: 1
23:43:09 | INFO: Extracting primitive: IN2_Cassette04PressureHousing_RenderTriangleRepair
23:43:09 | INFO: Primitives created: 1
23:43:09 | INFO: Extracting primitive: IN2_Cassette04PressureMountBolt-1_RenderTriangleRepair
23:43:09 | INFO: Primitives created: 1
23:43:09 | INFO: Extracting primitive: IN2_Cassette04PressureMountBolt1_RenderTriangleRepair
23:43:09 | INFO: Primitives created: 1
23:43:09 | INFO: Extracting primitive: IN2_Cassette04PressureMountWasher-1_RenderTriangleRepair
23:43:09 | INFO: Primitives created: 1
23:43:09 | INFO: Extracting primitive: IN2_Cassette04PressureMountWasher1_RenderTriangleRepair
23:43:09 | INFO: Primitives created: 1
23:43:09 | INFO: Extracting primitive: IN2_Guide04Bronze-1_RenderTriangleRepair
23:43:09 | INFO: Primitives created: 1
23:43:09 | INFO: Extracting primitive: IN2_Guide04Bronze1_RenderTriangleRepair
23:43:09 | INFO: Primitives created: 1
23:43:09 | INFO: Extracting primitive: IN2_Guide04Jacket-1_RenderTriangleRepair
23:43:09 | INFO: Primitives created: 1
23:43:09 | INFO: Extracting primitive: IN2_Guide04Jacket1_RenderTriangleRepair
23:43:09 | INFO: Primitives created: 1
23:43:09 | INFO: Extracting primitive: IN2_Cassette05CoverBolt-1Bolt_RenderTriangleRepair
23:43:09 | INFO: Primitives created: 1
23:43:09 | INFO: Extracting primitive: IN2_Cassette05CoverBolt-1BoreLiner_RenderTriangleRepair
23:43:09 | INFO: Primitives created: 1
23:43:09 | INFO: Extracting primitive: IN2_Cassette05CoverBolt-1InnerWasher_RenderTriangleRepair
23:43:09 | INFO: Primitives created: 1
23:43:09 | INFO: Extracting primitive: IN2_Cassette05CoverBolt-1OuterWasher_RenderTriangleRepair
23:43:09 | INFO: Primitives created: 1
23:43:09 | INFO: Extracting primitive: IN2_Cassette05CoverBolt-1ThreadedInsert_RenderTriangleRepair
23:43:09 | INFO: Primitives created: 1
23:43:09 | INFO: Extracting primitive: IN2_Cassette05CoverBolt1Bolt_RenderTriangleRepair
23:43:09 | INFO: Primitives created: 1
23:43:09 | INFO: Extracting primitive: IN2_Cassette05CoverBolt1BoreLiner_RenderTriangleRepair
23:43:09 | INFO: Primitives created: 1
23:43:09 | INFO: Extracting primitive: IN2_Cassette05CoverBolt1InnerWasher_RenderTriangleRepair
23:43:09 | INFO: Primitives created: 1
23:43:09 | INFO: Extracting primitive: IN2_Cassette05CoverBolt1OuterWasher_RenderTriangleRepair
23:43:09 | INFO: Primitives created: 1
23:43:09 | INFO: Extracting primitive: IN2_Cassette05CoverBolt1ThreadedInsert_RenderTriangleRepair
23:43:09 | INFO: Primitives created: 1
23:43:09 | INFO: Extracting primitive: IN2_Cassette05RotatingTongue_RenderTriangleRepair
23:43:09 | INFO: Primitives created: 1
23:43:09 | INFO: Extracting primitive: IN2_Cassette05CaptivePin_RenderTriangleRepair
23:43:09 | INFO: Primitives created: 1
23:43:09 | INFO: Extracting primitive: IN2_Cassette05Crosshead_RenderTriangleRepair.001
23:43:09 | INFO: Primitives created: 2
23:43:09 | INFO: Extracting primitive: IN2_Cassette05PinBush-1_RenderTriangleRepair
23:43:09 | INFO: Primitives created: 1
23:43:09 | INFO: Extracting primitive: IN2_Cassette05PinBush1_RenderTriangleRepair
23:43:09 | INFO: Primitives created: 1
23:43:09 | INFO: Extracting primitive: IN2_Cassette05PinHead-1_RenderTriangleRepair
23:43:09 | INFO: Primitives created: 1
23:43:09 | INFO: Extracting primitive: IN2_Cassette05PinHead1_RenderTriangleRepair
23:43:09 | INFO: Primitives created: 1
23:43:09 | INFO: Extracting primitive: IN2_Cassette05PressurePistonRod_RenderTriangleRepair
23:43:09 | INFO: Primitives created: 1
23:43:09 | INFO: Extracting primitive: IN2_Cassette05PressurePistonSeal_RenderTriangleRepair
23:43:09 | INFO: Primitives created: 1
23:43:09 | INFO: Extracting primitive: IN2_Cassette05PressureRodThrust_RenderTriangleRepair
23:43:09 | INFO: Primitives created: 1
23:43:09 | INFO: Extracting primitive: IN2_Cassette05ThrustWasher-1_RenderTriangleRepair
23:43:09 | INFO: Primitives created: 1
23:43:09 | INFO: Extracting primitive: IN2_Cassette05ThrustWasher1_RenderTriangleRepair
23:43:09 | INFO: Primitives created: 1
23:43:09 | INFO: Extracting primitive: IN2_Guide05RetainingBolt-1_RenderTriangleRepair
23:43:09 | INFO: Primitives created: 1
23:43:09 | INFO: Extracting primitive: IN2_Guide05RetainingBolt1_RenderTriangleRepair
23:43:09 | INFO: Primitives created: 1
23:43:09 | INFO: Extracting primitive: IN2_Guide05RetainingWasher-1_RenderTriangleRepair
23:43:09 | INFO: Primitives created: 1
23:43:09 | INFO: Extracting primitive: IN2_Guide05RetainingWasher1_RenderTriangleRepair
23:43:09 | INFO: Primitives created: 1
23:43:09 | INFO: Extracting primitive: IN2_Guide05Rod-1_RenderTriangleRepair
23:43:09 | INFO: Primitives created: 1
23:43:09 | INFO: Extracting primitive: IN2_Guide05Rod1_RenderTriangleRepair
23:43:09 | INFO: Primitives created: 1
23:43:09 | INFO: Extracting primitive: IN2_Cassette05BackBlock_RenderTriangleRepair.001
23:43:09 | INFO: Primitives created: 2
23:43:09 | INFO: Extracting primitive: IN2_Cassette05BodyBolt-1Bolt_RenderTriangleRepair
23:43:09 | INFO: Primitives created: 1
23:43:09 | INFO: Extracting primitive: IN2_Cassette05BodyBolt-1BoreLiner_RenderTriangleRepair
23:43:09 | INFO: Primitives created: 1
23:43:09 | INFO: Extracting primitive: IN2_Cassette05BodyBolt-1InnerWasher_RenderTriangleRepair
23:43:09 | INFO: Primitives created: 1
23:43:09 | INFO: Extracting primitive: IN2_Cassette05BodyBolt-1OuterWasher_RenderTriangleRepair
23:43:09 | INFO: Primitives created: 1
23:43:09 | INFO: Extracting primitive: IN2_Cassette05BodyBolt-1ThreadedInsert_RenderTriangleRepair
23:43:09 | INFO: Primitives created: 1
23:43:09 | INFO: Extracting primitive: IN2_Cassette05BodyBolt1Bolt_RenderTriangleRepair
23:43:09 | INFO: Primitives created: 1
23:43:09 | INFO: Extracting primitive: IN2_Cassette05BodyBolt1BoreLiner_RenderTriangleRepair
23:43:09 | INFO: Primitives created: 1
23:43:09 | INFO: Extracting primitive: IN2_Cassette05BodyBolt1InnerWasher_RenderTriangleRepair
23:43:09 | INFO: Primitives created: 1
23:43:09 | INFO: Extracting primitive: IN2_Cassette05BodyBolt1OuterWasher_RenderTriangleRepair
23:43:09 | INFO: Primitives created: 1
23:43:09 | INFO: Extracting primitive: IN2_Cassette05BodyBolt1ThreadedInsert_RenderTriangleRepair
23:43:09 | INFO: Primitives created: 1
23:43:09 | INFO: Extracting primitive: IN2_Cassette05PressureGlandSeal_RenderTriangleRepair
23:43:09 | INFO: Primitives created: 1
23:43:09 | INFO: Extracting primitive: IN2_Cassette05PressureHousing_RenderTriangleRepair
23:43:09 | INFO: Primitives created: 1
23:43:09 | INFO: Extracting primitive: IN2_Cassette05PressureMountBolt-1_RenderTriangleRepair
23:43:09 | INFO: Primitives created: 1
23:43:09 | INFO: Extracting primitive: IN2_Cassette05PressureMountBolt1_RenderTriangleRepair
23:43:09 | INFO: Primitives created: 1
23:43:09 | INFO: Extracting primitive: IN2_Cassette05PressureMountWasher-1_RenderTriangleRepair
23:43:09 | INFO: Primitives created: 1
23:43:09 | INFO: Extracting primitive: IN2_Cassette05PressureMountWasher1_RenderTriangleRepair
23:43:09 | INFO: Primitives created: 1
23:43:09 | INFO: Extracting primitive: IN2_Guide05Bronze-1_RenderTriangleRepair
23:43:09 | INFO: Primitives created: 1
23:43:09 | INFO: Extracting primitive: IN2_Guide05Bronze1_RenderTriangleRepair
23:43:09 | INFO: Primitives created: 1
23:43:09 | INFO: Extracting primitive: IN2_Guide05Jacket-1_RenderTriangleRepair
23:43:09 | INFO: Primitives created: 1
23:43:09 | INFO: Extracting primitive: IN2_Guide05Jacket1_RenderTriangleRepair
23:43:09 | INFO: Primitives created: 1
23:43:09 | INFO: Extracting primitive: IC1_CollarLowerMesh.001
23:43:09 | INFO: Primitives created: 2
23:43:09 | INFO: Extracting primitive: IC1_CollarUpperMesh.001
23:43:09 | INFO: Primitives created: 2
23:43:09 | INFO: Extracting primitive: 柱体.080
23:43:09 | INFO: Primitives created: 2
23:43:09 | INFO: Extracting primitive: 柱体.087
23:43:09 | INFO: Primitives created: 2
23:43:09 | INFO: Extracting primitive: IC1_SeamWasher_-1_-1Mesh
23:43:09 | INFO: Primitives created: 1
23:43:09 | INFO: Extracting primitive: IC1_SeamWasher_-1_1Mesh
23:43:09 | INFO: Primitives created: 1
23:43:09 | INFO: Extracting primitive: IC1_SeamWasher_1_-1Mesh
23:43:09 | INFO: Primitives created: 1
23:43:09 | INFO: Extracting primitive: IC1_SeamWasher_1_1Mesh
23:43:09 | INFO: Primitives created: 1
23:43:09 | INFO: Extracting primitive: IC1_TrunnionBush_-1_-1Mesh
23:43:09 | INFO: Primitives created: 1
23:43:09 | INFO: Extracting primitive: IC1_TrunnionBush_-1_1Mesh
23:43:09 | INFO: Primitives created: 1
23:43:09 | INFO: Extracting primitive: IC1_TrunnionBush_1_-1Mesh
23:43:09 | INFO: Primitives created: 1
23:43:09 | INFO: Extracting primitive: IC1_TrunnionBush_1_1Mesh
23:43:09 | INFO: Primitives created: 1
23:43:09 | INFO: Extracting primitive: 柱体.115
23:43:09 | INFO: Primitives created: 1
23:43:09 | INFO: Extracting primitive: 柱体.178
23:43:09 | INFO: Primitives created: 1
23:43:09 | INFO: Extracting primitive: 柱体.136
23:43:09 | INFO: Primitives created: 1
23:43:09 | INFO: Extracting primitive: 柱体.154
23:43:09 | INFO: Primitives created: 1
23:43:09 | INFO: Extracting primitive: 柱体.180
23:43:09 | INFO: Primitives created: 1
23:43:09 | INFO: Extracting primitive: 柱体.189
23:43:09 | INFO: Primitives created: 1
23:43:09 | INFO: Extracting primitive: 柱体.106
23:43:09 | INFO: Primitives created: 1
23:43:09 | INFO: Extracting primitive: IN3_CouplingBolt_00_WasherMesh
23:43:09 | INFO: Primitives created: 1
23:43:09 | INFO: Extracting primitive: 柱体.153
23:43:09 | INFO: Primitives created: 1
23:43:09 | INFO: Extracting primitive: IN3_CouplingBolt_01_WasherMesh
23:43:09 | INFO: Primitives created: 1
23:43:09 | INFO: Extracting primitive: 柱体.195
23:43:09 | INFO: Primitives created: 1
23:43:09 | INFO: Extracting primitive: IN3_CouplingBolt_02_WasherMesh
23:43:09 | INFO: Primitives created: 1
23:43:09 | INFO: Extracting primitive: 柱体.212
23:43:09 | INFO: Primitives created: 1
23:43:09 | INFO: Extracting primitive: IN3_CouplingBolt_03_WasherMesh
23:43:09 | INFO: Primitives created: 1
23:43:09 | INFO: Extracting primitive: 柱体.223
23:43:09 | INFO: Primitives created: 1
23:43:09 | INFO: Extracting primitive: IN3_CouplingBolt_04_WasherMesh
23:43:09 | INFO: Primitives created: 1
23:43:09 | INFO: Extracting primitive: 柱体.233
23:43:09 | INFO: Primitives created: 1
23:43:09 | INFO: Extracting primitive: IN3_CouplingBolt_05_WasherMesh
23:43:09 | INFO: Primitives created: 1
23:43:09 | INFO: Extracting primitive: IN3_CouplingSealMesh
23:43:09 | INFO: Primitives created: 2
23:43:09 | INFO: Extracting primitive: IN3_ContinuousThroat_R12Machining
23:43:09 | INFO: Primitives created: 3
23:43:09 | INFO: Extracting primitive: 柱体.059
23:43:09 | INFO: Primitives created: 1
23:43:09 | INFO: Extracting primitive: IS9_C02_L_00_Bolt0_WasherMesh
23:43:09 | INFO: Primitives created: 1
23:43:09 | INFO: Extracting primitive: 柱体.098
23:43:09 | INFO: Primitives created: 1
23:43:09 | INFO: Extracting primitive: IS9_C02_L_00_Bolt1_WasherMesh
23:43:09 | INFO: Primitives created: 1
23:43:09 | INFO: Extracting primitive: IS9_C02_L_00_LowerStandMesh
23:43:09 | INFO: Primitives created: 2
23:43:09 | INFO: Extracting primitive: IS9_C02_L_00_UpperClampMesh
23:43:09 | INFO: Primitives created: 2
23:43:09 | INFO: Extracting primitive: 柱体.192
23:43:09 | INFO: Primitives created: 1
23:43:09 | INFO: Extracting primitive: IS9_C02_L_01_Bolt0_WasherMesh
23:43:09 | INFO: Primitives created: 1
23:43:09 | INFO: Extracting primitive: 柱体.221
23:43:09 | INFO: Primitives created: 1
23:43:09 | INFO: Extracting primitive: IS9_C02_L_01_Bolt1_WasherMesh
23:43:09 | INFO: Primitives created: 1
23:43:09 | INFO: Extracting primitive: IS9_C02_L_01_LowerStandMesh
23:43:09 | INFO: Primitives created: 2
23:43:09 | INFO: Extracting primitive: IS9_C02_L_01_UpperClampMesh
23:43:09 | INFO: Primitives created: 2
23:43:09 | INFO: Extracting primitive: 柱体.238
23:43:09 | INFO: Primitives created: 1
23:43:09 | INFO: Extracting primitive: IS9_C02_R_02_Bolt0_WasherMesh
23:43:09 | INFO: Primitives created: 1
23:43:09 | INFO: Extracting primitive: 柱体.251
23:43:09 | INFO: Primitives created: 1
23:43:09 | INFO: Extracting primitive: IS9_C02_R_02_Bolt1_WasherMesh
23:43:09 | INFO: Primitives created: 1
23:43:09 | INFO: Extracting primitive: IS9_C02_R_02_LowerStandMesh
23:43:09 | INFO: Primitives created: 2
23:43:09 | INFO: Extracting primitive: IS9_C02_R_02_UpperClampMesh
23:43:09 | INFO: Primitives created: 2
23:43:09 | INFO: Extracting primitive: 柱体.261
23:43:09 | INFO: Primitives created: 1
23:43:09 | INFO: Extracting primitive: IS9_C02_R_03_Bolt0_WasherMesh
23:43:09 | INFO: Primitives created: 1
23:43:09 | INFO: Extracting primitive: 柱体.271
23:43:09 | INFO: Primitives created: 1
23:43:09 | INFO: Extracting primitive: IS9_C02_R_03_Bolt1_WasherMesh
23:43:09 | INFO: Primitives created: 1
23:43:09 | INFO: Extracting primitive: IS9_C02_R_03_LowerStandMesh
23:43:09 | INFO: Primitives created: 2
23:43:09 | INFO: Extracting primitive: IS9_C02_R_03_UpperClampMesh
23:43:09 | INFO: Primitives created: 2
23:43:09 | INFO: Extracting primitive: 柱体.280
23:43:09 | INFO: Primitives created: 1
23:43:09 | INFO: Extracting primitive: IS9_C03_L_04_Bolt0_WasherMesh
23:43:09 | INFO: Primitives created: 1
23:43:09 | INFO: Extracting primitive: 柱体.289
23:43:09 | INFO: Primitives created: 1
23:43:09 | INFO: Extracting primitive: IS9_C03_L_04_Bolt1_WasherMesh
23:43:09 | INFO: Primitives created: 1
23:43:09 | INFO: Extracting primitive: IS9_C03_L_04_LowerStandMesh
23:43:09 | INFO: Primitives created: 2
23:43:09 | INFO: Extracting primitive: IS9_C03_L_04_UpperClampMesh
23:43:09 | INFO: Primitives created: 2
23:43:09 | INFO: Extracting primitive: 柱体.298
23:43:09 | INFO: Primitives created: 1
23:43:09 | INFO: Extracting primitive: IS9_C03_L_05_Bolt0_WasherMesh
23:43:09 | INFO: Primitives created: 1
23:43:09 | INFO: Extracting primitive: 柱体.307
23:43:09 | INFO: Primitives created: 1
23:43:09 | INFO: Extracting primitive: IS9_C03_L_05_Bolt1_WasherMesh
23:43:09 | INFO: Primitives created: 1
23:43:09 | INFO: Extracting primitive: IS9_C03_L_05_LowerStandMesh
23:43:09 | INFO: Primitives created: 2
23:43:09 | INFO: Extracting primitive: IS9_C03_L_05_UpperClampMesh
23:43:09 | INFO: Primitives created: 2
23:43:09 | INFO: Extracting primitive: 柱体.316
23:43:09 | INFO: Primitives created: 1
23:43:09 | INFO: Extracting primitive: IS9_C03_R_06_Bolt0_WasherMesh
23:43:09 | INFO: Primitives created: 1
23:43:09 | INFO: Extracting primitive: 柱体.325
23:43:09 | INFO: Primitives created: 1
23:43:09 | INFO: Extracting primitive: IS9_C03_R_06_Bolt1_WasherMesh
23:43:09 | INFO: Primitives created: 1
23:43:09 | INFO: Extracting primitive: IS9_C03_R_06_LowerStandMesh
23:43:09 | INFO: Primitives created: 2
23:43:09 | INFO: Extracting primitive: IS9_C03_R_06_UpperClampMesh
23:43:09 | INFO: Primitives created: 2
23:43:09 | INFO: Extracting primitive: 柱体.334
23:43:09 | INFO: Primitives created: 1
23:43:09 | INFO: Extracting primitive: IS9_C03_R_07_Bolt0_WasherMesh
23:43:09 | INFO: Primitives created: 1
23:43:09 | INFO: Extracting primitive: 柱体.343
23:43:09 | INFO: Primitives created: 1
23:43:09 | INFO: Extracting primitive: IS9_C03_R_07_Bolt1_WasherMesh
23:43:09 | INFO: Primitives created: 1
23:43:09 | INFO: Extracting primitive: IS9_C03_R_07_LowerStandMesh
23:43:09 | INFO: Primitives created: 2
23:43:09 | INFO: Extracting primitive: IS9_C03_R_07_UpperClampMesh
23:43:09 | INFO: Primitives created: 2
23:43:09 | INFO: Extracting primitive: 柱体.352
23:43:09 | INFO: Primitives created: 1
23:43:09 | INFO: Extracting primitive: IS9_C10_L_08_Bolt0_WasherMesh
23:43:09 | INFO: Primitives created: 1
23:43:09 | INFO: Extracting primitive: 柱体.361
23:43:09 | INFO: Primitives created: 1
23:43:09 | INFO: Extracting primitive: IS9_C10_L_08_Bolt1_WasherMesh
23:43:09 | INFO: Primitives created: 1
23:43:09 | INFO: Extracting primitive: IS9_C10_L_08_LowerStandMesh
23:43:09 | INFO: Primitives created: 2
23:43:09 | INFO: Extracting primitive: IS9_C10_L_08_UpperClampMesh
23:43:09 | INFO: Primitives created: 2
23:43:09 | INFO: Extracting primitive: 柱体.370
23:43:09 | INFO: Primitives created: 1
23:43:09 | INFO: Extracting primitive: IS9_C10_L_09_Bolt0_WasherMesh
23:43:09 | INFO: Primitives created: 1
23:43:09 | INFO: Extracting primitive: 柱体.379
23:43:09 | INFO: Primitives created: 1
23:43:09 | INFO: Extracting primitive: IS9_C10_L_09_Bolt1_WasherMesh
23:43:09 | INFO: Primitives created: 1
23:43:09 | INFO: Extracting primitive: IS9_C10_L_09_LowerStandMesh
23:43:09 | INFO: Primitives created: 2
23:43:09 | INFO: Extracting primitive: IS9_C10_L_09_UpperClampMesh
23:43:09 | INFO: Primitives created: 2
23:43:09 | INFO: Extracting primitive: 柱体.388
23:43:09 | INFO: Primitives created: 1
23:43:09 | INFO: Extracting primitive: IS9_C10_R_10_Bolt0_WasherMesh
23:43:09 | INFO: Primitives created: 1
23:43:09 | INFO: Extracting primitive: 柱体.397
23:43:09 | INFO: Primitives created: 1
23:43:09 | INFO: Extracting primitive: IS9_C10_R_10_Bolt1_WasherMesh
23:43:09 | INFO: Primitives created: 1
23:43:09 | INFO: Extracting primitive: IS9_C10_R_10_LowerStandMesh
23:43:09 | INFO: Primitives created: 2
23:43:09 | INFO: Extracting primitive: IS9_C10_R_10_UpperClampMesh
23:43:09 | INFO: Primitives created: 2
23:43:09 | INFO: Extracting primitive: 柱体.406
23:43:09 | INFO: Primitives created: 1
23:43:09 | INFO: Extracting primitive: IS9_C10_R_11_Bolt0_WasherMesh
23:43:09 | INFO: Primitives created: 1
23:43:09 | INFO: Extracting primitive: 柱体.415
23:43:09 | INFO: Primitives created: 1
23:43:09 | INFO: Extracting primitive: IS9_C10_R_11_Bolt1_WasherMesh
23:43:09 | INFO: Primitives created: 1
23:43:09 | INFO: Extracting primitive: IS9_C10_R_11_LowerStandMesh
23:43:09 | INFO: Primitives created: 2
23:43:09 | INFO: Extracting primitive: IS9_C10_R_11_UpperClampMesh
23:43:09 | INFO: Primitives created: 2
23:43:09 | INFO: Extracting primitive: 柱体.424
23:43:09 | INFO: Primitives created: 1
23:43:09 | INFO: Extracting primitive: IS9_C11_L_12_Bolt0_WasherMesh
23:43:09 | INFO: Primitives created: 1
23:43:09 | INFO: Extracting primitive: 柱体.433
23:43:09 | INFO: Primitives created: 1
23:43:09 | INFO: Extracting primitive: IS9_C11_L_12_Bolt1_WasherMesh
23:43:09 | INFO: Primitives created: 1
23:43:09 | INFO: Extracting primitive: IS9_C11_L_12_LowerStandMesh
23:43:09 | INFO: Primitives created: 2
23:43:09 | INFO: Extracting primitive: IS9_C11_L_12_UpperClampMesh
23:43:09 | INFO: Primitives created: 2
23:43:09 | INFO: Extracting primitive: 柱体.442
23:43:09 | INFO: Primitives created: 1
23:43:09 | INFO: Extracting primitive: IS9_C11_L_13_Bolt0_WasherMesh
23:43:09 | INFO: Primitives created: 1
23:43:09 | INFO: Extracting primitive: 柱体.451
23:43:09 | INFO: Primitives created: 1
23:43:09 | INFO: Extracting primitive: IS9_C11_L_13_Bolt1_WasherMesh
23:43:09 | INFO: Primitives created: 1
23:43:09 | INFO: Extracting primitive: IS9_C11_L_13_LowerStandMesh
23:43:09 | INFO: Primitives created: 2
23:43:09 | INFO: Extracting primitive: IS9_C11_L_13_UpperClampMesh
23:43:09 | INFO: Primitives created: 2
23:43:09 | INFO: Extracting primitive: 柱体.460
23:43:09 | INFO: Primitives created: 1
23:43:09 | INFO: Extracting primitive: IS9_C11_R_14_Bolt0_WasherMesh
23:43:09 | INFO: Primitives created: 1
23:43:09 | INFO: Extracting primitive: 柱体.469
23:43:09 | INFO: Primitives created: 1
23:43:09 | INFO: Extracting primitive: IS9_C11_R_14_Bolt1_WasherMesh
23:43:09 | INFO: Primitives created: 1
23:43:09 | INFO: Extracting primitive: IS9_C11_R_14_LowerStandMesh
23:43:09 | INFO: Primitives created: 2
23:43:09 | INFO: Extracting primitive: IS9_C11_R_14_UpperClampMesh
23:43:09 | INFO: Primitives created: 2
23:43:09 | INFO: Extracting primitive: 柱体.478
23:43:09 | INFO: Primitives created: 1
23:43:09 | INFO: Extracting primitive: IS9_C11_R_15_Bolt0_WasherMesh
23:43:09 | INFO: Primitives created: 1
23:43:09 | INFO: Extracting primitive: 柱体.487
23:43:09 | INFO: Primitives created: 1
23:43:09 | INFO: Extracting primitive: IS9_C11_R_15_Bolt1_WasherMesh
23:43:09 | INFO: Primitives created: 1
23:43:09 | INFO: Extracting primitive: IS9_C11_R_15_LowerStandMesh
23:43:09 | INFO: Primitives created: 2
23:43:09 | INFO: Extracting primitive: IS9_C11_R_15_UpperClampMesh
23:43:09 | INFO: Primitives created: 2
23:43:09 | INFO: Extracting primitive: 柱体.496
23:43:09 | INFO: Primitives created: 1
23:43:09 | INFO: Extracting primitive: IS9_C12_L_16_Bolt0_WasherMesh
23:43:09 | INFO: Primitives created: 1
23:43:09 | INFO: Extracting primitive: 柱体.505
23:43:09 | INFO: Primitives created: 1
23:43:09 | INFO: Extracting primitive: IS9_C12_L_16_Bolt1_WasherMesh
23:43:09 | INFO: Primitives created: 1
23:43:09 | INFO: Extracting primitive: IS9_C12_L_16_LowerStandMesh
23:43:09 | INFO: Primitives created: 2
23:43:09 | INFO: Extracting primitive: IS9_C12_L_16_UpperClampMesh
23:43:09 | INFO: Primitives created: 2
23:43:09 | INFO: Extracting primitive: 柱体.514
23:43:09 | INFO: Primitives created: 1
23:43:09 | INFO: Extracting primitive: IS9_C12_L_17_Bolt0_WasherMesh
23:43:09 | INFO: Primitives created: 1
23:43:09 | INFO: Extracting primitive: 柱体.523
23:43:09 | INFO: Primitives created: 1
23:43:09 | INFO: Extracting primitive: IS9_C12_L_17_Bolt1_WasherMesh
23:43:09 | INFO: Primitives created: 1
23:43:09 | INFO: Extracting primitive: IS9_C12_L_17_LowerStandMesh
23:43:09 | INFO: Primitives created: 2
23:43:09 | INFO: Extracting primitive: IS9_C12_L_17_UpperClampMesh
23:43:09 | INFO: Primitives created: 2
23:43:09 | INFO: Extracting primitive: 柱体.532
23:43:09 | INFO: Primitives created: 1
23:43:09 | INFO: Extracting primitive: IS9_C12_R_18_Bolt0_WasherMesh
23:43:09 | INFO: Primitives created: 1
23:43:09 | INFO: Extracting primitive: 柱体.541
23:43:09 | INFO: Primitives created: 1
23:43:09 | INFO: Extracting primitive: IS9_C12_R_18_Bolt1_WasherMesh
23:43:09 | INFO: Primitives created: 1
23:43:09 | INFO: Extracting primitive: IS9_C12_R_18_LowerStandMesh
23:43:09 | INFO: Primitives created: 2
23:43:09 | INFO: Extracting primitive: IS9_C12_R_18_UpperClampMesh
23:43:09 | INFO: Primitives created: 2
23:43:09 | INFO: Extracting primitive: 柱体.550
23:43:09 | INFO: Primitives created: 1
23:43:09 | INFO: Extracting primitive: IS9_C12_R_19_Bolt0_WasherMesh
23:43:09 | INFO: Primitives created: 1
23:43:09 | INFO: Extracting primitive: 柱体.559
23:43:09 | INFO: Primitives created: 1
23:43:09 | INFO: Extracting primitive: IS9_C12_R_19_Bolt1_WasherMesh
23:43:09 | INFO: Primitives created: 1
23:43:09 | INFO: Extracting primitive: IS9_C12_R_19_LowerStandMesh
23:43:09 | INFO: Primitives created: 2
23:43:09 | INFO: Extracting primitive: IS9_C12_R_19_UpperClampMesh
23:43:09 | INFO: Primitives created: 2
23:43:09 | INFO: Extracting primitive: IS18_Leg01_BronzeInlay_0Mesh
23:43:09 | INFO: Primitives created: 2
23:43:09 | INFO: Extracting primitive: IS18_Leg01_BronzeInlay_1Mesh
23:43:09 | INFO: Primitives created: 2
23:43:09 | INFO: Extracting primitive: 柱体.194
23:43:09 | INFO: Primitives created: 1
23:43:09 | INFO: Extracting primitive: 柱体.227
23:43:09 | INFO: Primitives created: 1
23:43:09 | INFO: Extracting primitive: IS18_Leg01_DeckWasher_-1Mesh
23:43:09 | INFO: Primitives created: 1
23:43:09 | INFO: Extracting primitive: IS18_Leg01_DeckWasher_1Mesh
23:43:09 | INFO: Primitives created: 1
23:43:09 | INFO: Extracting primitive: IS18_Leg01_FootBush_-1Mesh
23:43:09 | INFO: Primitives created: 1
23:43:09 | INFO: Extracting primitive: IS18_Leg01_FootBush_1Mesh
23:43:09 | INFO: Primitives created: 1
23:43:09 | INFO: Extracting primitive: 柱体.051
23:43:09 | INFO: Primitives created: 1
23:43:09 | INFO: Extracting primitive: IS18_Leg01_FootPinWasher_-1Mesh
23:43:09 | INFO: Primitives created: 1
23:43:09 | INFO: Extracting primitive: IS18_Leg01_FootPinWasher_1Mesh
23:43:09 | INFO: Primitives created: 1
23:43:09 | INFO: Extracting primitive: IS18_Leg01_FormedBodyMesh
23:43:09 | INFO: Primitives created: 2
23:43:09 | INFO: Extracting primitive: IS18_Leg01_LowerThrust_-1Mesh
23:43:09 | INFO: Primitives created: 1
23:43:09 | INFO: Extracting primitive: IS18_Leg01_LowerThrust_1Mesh
23:43:09 | INFO: Primitives created: 1
23:43:09 | INFO: Extracting primitive: R67c_ConnectedFlange
23:43:09 | INFO: Primitives created: 1
23:43:09 | INFO: Extracting primitive: IS18_Leg01_PortSealMesh
23:43:09 | INFO: Primitives created: 1
23:43:09 | INFO: Extracting primitive: IS18_Leg01_FormedShoeMesh
23:43:09 | INFO: Primitives created: 2
23:43:09 | INFO: Extracting primitive: IS18_Leg01_FormedShoe_GasketMesh
23:43:09 | INFO: Primitives created: 2
23:43:09 | INFO: Extracting primitive: IS18_Leg01_UpperThrust_-1Mesh
23:43:09 | INFO: Primitives created: 1
23:43:09 | INFO: Extracting primitive: IS18_Leg01_UpperThrust_1Mesh
23:43:09 | INFO: Primitives created: 1
23:43:09 | INFO: Extracting primitive: IS18_Leg02_BronzeInlay_0Mesh
23:43:09 | INFO: Primitives created: 2
23:43:09 | INFO: Extracting primitive: IS18_Leg02_BronzeInlay_1Mesh
23:43:09 | INFO: Primitives created: 2
23:43:09 | INFO: Extracting primitive: 柱体.277
23:43:09 | INFO: Primitives created: 1
23:43:09 | INFO: Extracting primitive: 柱体.288
23:43:09 | INFO: Primitives created: 1
23:43:09 | INFO: Extracting primitive: IS18_Leg02_DeckWasher_-1Mesh
23:43:09 | INFO: Primitives created: 1
23:43:09 | INFO: Extracting primitive: IS18_Leg02_DeckWasher_1Mesh
23:43:09 | INFO: Primitives created: 1
23:43:09 | INFO: Extracting primitive: IS18_Leg02_FootBush_-1Mesh
23:43:09 | INFO: Primitives created: 1
23:43:09 | INFO: Extracting primitive: IS18_Leg02_FootBush_1Mesh
23:43:09 | INFO: Primitives created: 1
23:43:09 | INFO: Extracting primitive: 柱体.260
23:43:09 | INFO: Primitives created: 1
23:43:09 | INFO: Extracting primitive: IS18_Leg02_FootPinWasher_-1Mesh
23:43:09 | INFO: Primitives created: 1
23:43:09 | INFO: Extracting primitive: IS18_Leg02_FootPinWasher_1Mesh
23:43:09 | INFO: Primitives created: 1
23:43:09 | INFO: Extracting primitive: IS18_Leg02_FormedBodyMesh
23:43:09 | INFO: Primitives created: 2
23:43:09 | INFO: Extracting primitive: IS18_Leg02_LowerThrust_-1Mesh
23:43:09 | INFO: Primitives created: 1
23:43:09 | INFO: Extracting primitive: IS18_Leg02_LowerThrust_1Mesh
23:43:09 | INFO: Primitives created: 1
23:43:09 | INFO: Extracting primitive: IS18_Leg02_PortLinerMesh
23:43:09 | INFO: Primitives created: 1
23:43:09 | INFO: Extracting primitive: IS18_Leg02_PortSealMesh
23:43:09 | INFO: Primitives created: 1
23:43:09 | INFO: Extracting primitive: IS18_Leg02_FormedShoeMesh
23:43:09 | INFO: Primitives created: 2
23:43:09 | INFO: Extracting primitive: IS18_Leg02_FormedShoe_GasketMesh
23:43:09 | INFO: Primitives created: 2
23:43:09 | INFO: Extracting primitive: IS18_Leg02_UpperThrust_-1Mesh
23:43:09 | INFO: Primitives created: 1
23:43:09 | INFO: Extracting primitive: IS18_Leg02_UpperThrust_1Mesh
23:43:09 | INFO: Primitives created: 1
23:43:09 | INFO: Extracting primitive: 柱体.053
23:43:09 | INFO: Primitives created: 1
23:43:09 | INFO: Extracting primitive: IS9_C01_L_00_Bolt0_WasherMesh
23:43:09 | INFO: Primitives created: 1
23:43:09 | INFO: Extracting primitive: 柱体.095
23:43:09 | INFO: Primitives created: 1
23:43:09 | INFO: Extracting primitive: IS9_C01_L_00_Bolt1_WasherMesh
23:43:09 | INFO: Primitives created: 1
23:43:09 | INFO: Extracting primitive: IS9_C01_L_00_LowerStandMesh
23:43:09 | INFO: Primitives created: 2
23:43:09 | INFO: Extracting primitive: IS9_C01_L_00_UpperClampMesh
23:43:09 | INFO: Primitives created: 2
23:43:09 | INFO: Extracting primitive: 柱体.159
23:43:09 | INFO: Primitives created: 1
23:43:09 | INFO: Extracting primitive: IS9_C01_L_01_Bolt0_WasherMesh
23:43:09 | INFO: Primitives created: 1
23:43:09 | INFO: Extracting primitive: 柱体.211
23:43:09 | INFO: Primitives created: 1
23:43:09 | INFO: Extracting primitive: IS9_C01_L_01_Bolt1_WasherMesh
23:43:09 | INFO: Primitives created: 1
23:43:09 | INFO: Extracting primitive: IS9_C01_L_01_LowerStandMesh
23:43:09 | INFO: Primitives created: 2
23:43:09 | INFO: Extracting primitive: IS9_C01_L_01_UpperClampMesh
23:43:09 | INFO: Primitives created: 2
23:43:09 | INFO: Extracting primitive: 柱体.228
23:43:09 | INFO: Primitives created: 1
23:43:09 | INFO: Extracting primitive: IS9_C01_R_02_Bolt0_WasherMesh
23:43:09 | INFO: Primitives created: 1
23:43:09 | INFO: Extracting primitive: 柱体.245
23:43:09 | INFO: Primitives created: 1
23:43:09 | INFO: Extracting primitive: IS9_C01_R_02_Bolt1_WasherMesh
23:43:09 | INFO: Primitives created: 1
23:43:09 | INFO: Extracting primitive: IS9_C01_R_02_LowerStandMesh
23:43:09 | INFO: Primitives created: 2
23:43:09 | INFO: Extracting primitive: IS9_C01_R_02_UpperClampMesh
23:43:09 | INFO: Primitives created: 2
23:43:09 | INFO: Extracting primitive: 柱体.254
23:43:09 | INFO: Primitives created: 1
23:43:09 | INFO: Extracting primitive: IS9_C01_R_03_Bolt0_WasherMesh
23:43:09 | INFO: Primitives created: 1
23:43:09 | INFO: Extracting primitive: 柱体.263
23:43:09 | INFO: Primitives created: 1
23:43:09 | INFO: Extracting primitive: IS9_C01_R_03_Bolt1_WasherMesh
23:43:09 | INFO: Primitives created: 1
23:43:09 | INFO: Extracting primitive: IS9_C01_R_03_LowerStandMesh
23:43:09 | INFO: Primitives created: 2
23:43:09 | INFO: Extracting primitive: IS9_C01_R_03_UpperClampMesh
23:43:09 | INFO: Primitives created: 2
23:43:10 | INFO: Finished glTF 2.0 export in 2.5803699493408203 s

Blender 5.1.2 (hash ec6e62d40fa9 built 2026-05-19 01:30:33)

Blender quit
